Dec 28 12:54:37 debian systemd[1]: Stopping Samba SMB Daemon...
Dec 28 12:54:37 debian systemd[1]: Stopped Samba SMB Daemon.
Dec 28 12:54:37 debian systemd[1]: nmbd.service: Killing process 1169 (nmbd) with signal SIGKILL.
Dec 28 12:54:37 debian systemd[1]: nmbd.service: Killing process 1169 (nmbd) with signal SIGKILL.
Dec 28 12:54:37 debian systemd[1]: Stopped Samba NMB Daemon.
Dec 28 12:54:37 debian systemd[1]: Stopping Samba NMB Daemon...
Dec 28 12:54:37 debian systemd[1]: Starting Samba NMB Daemon...
Dec 28 12:54:37 debian systemd[1]: nmbd.service: Supervising process 1196 which is not our child. We'll most likely not notice when it exits.
Dec 28 12:54:37 debian systemd[1]: Started Samba NMB Daemon.
Dec 28 12:54:37 debian systemd[1]: Starting Samba SMB Daemon...
Dec 28 12:54:37 debian systemd[1]: smbd.service: Supervising process 1199 which is not our child. We'll most likely not notice when it exits.
Dec 28 12:54:37 debian systemd[1]: Started Samba SMB Daemon.
Dec 28 12:54:53 debian smbd_audit: OSX|192.168.11.25|kitamurataku|192.168.11.25|ri-one|ri-one|/home/ri-one|ri-one|ri-one|ri-one|/home/ri-one/share|/home/ri-one|1205|debian|ri-one|ri-one|4.5.12-Debian|SMB3_02|2017/12/28 12:54:53|%$var|pwrite|ok|._.DS_Store
Dec 28 12:54:53 debian smbd_audit: OSX|192.168.11.25|kitamurataku|192.168.11.25|ri-one|ri-one|/home/ri-one|ri-one|ri-one|ri-one|/home/ri-one/share|/home/ri-one|1205|debian|ri-one|ri-one|4.5.12-Debian|SMB3_02|2017/12/28 12:54:53|%$var|pwrite|ok|.DS_Store
Dec 28 12:54:53 debian smbd_audit: OSX|192.168.11.25|kitamurataku|192.168.11.25|ri-one|ri-one|/home/ri-one|ri-one|ri-one|ri-one|/home/ri-one/share|/home/ri-one|1205|debian|ri-one|ri-one|4.5.12-Debian|SMB3_02|2017/12/28 12:54:53|%$var|pwrite|ok|.DS_Store
Dec 28 12:54:58 debian smbd_audit: OSX|192.168.11.25|kitamurataku|192.168.11.25|ri-one|ri-one|/home/ri-one|ri-one|ri-one|ri-one|/home/ri-one/share|/home/ri-one|1205|debian|ri-one|ri-one|4.5.12-Debian|SMB3_02|2017/12/28 12:54:58|%$var|pwrite|ok|.DS_Store
Dec 28 12:54:58 debian smbd_audit: OSX|192.168.11.25|kitamurataku|192.168.11.25|ri-one|ri-one|/home/ri-one|ri-one|ri-one|ri-one|/home/ri-one/share|/home/ri-one|1205|debian|ri-one|ri-one|4.5.12-Debian|SMB3_02|2017/12/28 12:54:58|%$var|pwrite|ok|.DS_Store
Dec 28 12:55:01 debian CRON[1212]: (root) CMD (command -v debian-sa1 > /dev/null && debian-sa1 1 1)
Dec 28 12:55:11 debian smbd_audit: OSX|192.168.11.25|kitamurataku|192.168.11.25|ri-one|ri-one|/home/ri-one|ri-one|ri-one|ri-one|/home/ri-one/share|/home/ri-one|1205|debian|ri-one|ri-one|4.5.12-Debian|SMB3_02|2017/12/28 12:55:11|%$var|pwrite|ok|._HelloSamba.txt
Dec 28 12:55:11 debian smbd_audit: OSX|192.168.11.25|kitamurataku|192.168.11.25|ri-one|ri-one|/home/ri-one|ri-one|ri-one|ri-one|/home/ri-one/share|/home/ri-one|1205|debian|ri-one|ri-one|4.5.12-Debian|SMB3_02|2017/12/28 12:55:11|%$var|pwrite|ok|HelloSamba.txt
Dec 28 12:55:11 debian smbd_audit: OSX|192.168.11.25|kitamurataku|192.168.11.25|ri-one|ri-one|/home/ri-one|ri-one|ri-one|ri-one|/home/ri-one/share|/home/ri-one|1205|debian|ri-one|ri-one|4.5.12-Debian|SMB3_02|2017/12/28 12:55:11|%$var|unlink|ok|._HelloSamba.txt
Dec 28 12:55:11 debian smbd_audit: OSX|192.168.11.25|kitamurataku|192.168.11.25|ri-one|ri-one|/home/ri-one|ri-one|ri-one|ri-one|/home/ri-one/share|/home/ri-one|1205|debian|ri-one|ri-one|4.5.12-Debian|SMB3_02|2017/12/28 12:55:11|%$var|pwrite|ok|._HelloSamba.txt
Dec 28 12:56:42 debian systemd[1]: Stopping Authorization Manager...
Dec 28 12:56:42 debian systemd[1]: Stopping Save/Restore Sound Card State...
Dec 28 12:56:42 debian systemd[1]: Stopping User Manager for UID 117...
Dec 28 12:56:42 debian org.a11y.atspi.Registry[856]: XIO:  fatal IO error 11 (Resource temporarily unavailable) on X server ":0"
Dec 28 12:56:42 debian org.a11y.atspi.Registry[856]:       after 21 requests (21 known processed) with 0 events remaining.
Dec 28 12:57:21 debian systemd[1]: Started Apply Kernel Variables.
Dec 28 12:57:21 debian kernel: [    0.000000] Linux version 4.9.0-4-amd64 (debian-kernel@lists.debian.org) (gcc version 6.3.0 20170516 (Debian 6.3.0-18) ) #1 SMP Debian 4.9.65-3+deb9u1 (2017-12-23)
Dec 28 12:57:21 debian systemd[1]: Started Create list of required static device nodes for the current kernel.
Dec 28 12:57:21 debian kernel: [    0.000000] Command line: BOOT_IMAGE=/boot/vmlinuz-4.9.0-4-amd64 root=UUID=284db509-db11-4fa6-a546-7fea4f6e3d8a ro quiet
Dec 28 12:57:21 debian systemd[1]: Starting Create Static Device Nodes in /dev...
Dec 28 12:57:21 debian kernel: [    0.000000] x86/fpu: Supporting XSAVE feature 0x001: 'x87 floating point registers'
Dec 28 12:57:21 debian systemd[1]: Mounted Debug File System.
Dec 28 12:57:21 debian kernel: [    0.000000] x86/fpu: Supporting XSAVE feature 0x002: 'SSE registers'
Dec 28 12:57:21 debian kernel: [    0.000000] x86/fpu: Enabled xstate features 0x3, context size is 576 bytes, using 'standard' format.
Dec 28 12:57:21 debian systemd[1]: Mounted POSIX Message Queue File System.
Dec 28 12:57:21 debian kernel: [    0.000000] x86/fpu: Using 'eager' FPU context switches.
Dec 28 12:57:21 debian kernel: [    0.000000] e820: BIOS-provided physical RAM map:
Dec 28 12:57:21 debian kernel: [    0.000000] BIOS-e820: [mem 0x0000000000000000-0x000000000009e3ff] usable
Dec 28 12:57:21 debian systemd[1]: Mounted Huge Pages File System.
Dec 28 12:57:21 debian kernel: [    0.000000] BIOS-e820: [mem 0x00000000000f0000-0x00000000000fffff] reserved
Dec 28 12:57:21 debian kernel: [    0.000000] BIOS-e820: [mem 0x0000000000100000-0x00000000cfe0abff] usable
Dec 28 12:57:21 debian systemd[1]: Started Remount Root and Kernel File Systems.
Dec 28 12:57:21 debian kernel: [    0.000000] BIOS-e820: [mem 0x00000000cfe0ac00-0x00000000cfe5cbff] ACPI NVS
Dec 28 12:57:21 debian systemd[1]: Starting Flush Journal to Persistent Storage...
Dec 28 12:57:21 debian kernel: [    0.000000] BIOS-e820: [mem 0x00000000cfe5cc00-0x00000000cfe5ebff] ACPI data
Dec 28 12:57:21 debian systemd[1]: Starting udev Coldplug all Devices...
Dec 28 12:57:21 debian kernel: [    0.000000] BIOS-e820: [mem 0x00000000cfe5ec00-0x00000000cfffffff] reserved
Dec 28 12:57:21 debian kernel: [    0.000000] BIOS-e820: [mem 0x00000000e0000000-0x00000000efffffff] reserved
Dec 28 12:57:21 debian kernel: [    0.000000] BIOS-e820: [mem 0x00000000fe000000-0x00000000feffffff] reserved
Dec 28 12:57:21 debian systemd[1]: Starting Load/Save Random Seed...
Dec 28 12:57:21 debian kernel: [    0.000000] BIOS-e820: [mem 0x00000000ffb00000-0x00000000ffffffff] reserved
Dec 28 12:57:21 debian systemd[1]: Started udev Coldplug all Devices.
Dec 28 12:57:21 debian kernel: [    0.000000] BIOS-e820: [mem 0x0000000100000000-0x000000032fffffff] usable
Dec 28 12:57:21 debian kernel: [    0.000000] NX (Execute Disable) protection: active
Dec 28 12:57:21 debian systemd[1]: Started Flush Journal to Persistent Storage.
Dec 28 12:57:21 debian kernel: [    0.000000] SMBIOS 2.5 present.
Dec 28 12:57:21 debian systemd[1]: Started Load/Save Random Seed.
Dec 28 12:57:21 debian kernel: [    0.000000] DMI: Dell Inc. Precision WorkStation T5400  /0RW203, BIOS A04 08/21/2008
Dec 28 12:57:21 debian kernel: [    0.000000] e820: update [mem 0x00000000-0x00000fff] usable ==> reserved
Dec 28 12:57:21 debian kernel: [    0.000000] e820: remove [mem 0x000a0000-0x000fffff] usable
Dec 28 12:57:21 debian systemd[1]: Started Set the console keyboard layout.
Dec 28 12:57:21 debian kernel: [    0.000000] e820: last_pfn = 0x330000 max_arch_pfn = 0x400000000
Dec 28 12:57:21 debian systemd[1]: Started Create Static Device Nodes in /dev.
Dec 28 12:57:21 debian kernel: [    0.000000] MTRR default type: uncachable
Dec 28 12:57:21 debian kernel: [    0.000000] MTRR fixed ranges enabled:
Dec 28 12:57:21 debian systemd[1]: Reached target Local File Systems (Pre).
Dec 28 12:57:21 debian kernel: [    0.000000]   00000-9FFFF write-back
Dec 28 12:57:21 debian systemd[1]: Reached target Local File Systems.
Dec 28 12:57:21 debian kernel: [    0.000000]   A0000-BFFFF uncachable
Dec 28 12:57:21 debian kernel: [    0.000000]   C0000-D3FFF write-protect
Dec 28 12:57:21 debian kernel: [    0.000000]   D4000-EFFFF uncachable
Dec 28 12:57:21 debian systemd[1]: Starting Raise network interfaces...
Dec 28 12:57:21 debian kernel: [    0.000000]   F0000-FFFFF write-protect
Dec 28 12:57:21 debian kernel: [    0.000000] MTRR variable ranges enabled:
Dec 28 12:57:21 debian kernel: [    0.000000]   0 base 0000000000 mask 2000000000 write-back
Dec 28 12:57:21 debian kernel: [    0.000000]   1 base 00CFF00000 mask 3FFFF00000 uncachable
Dec 28 12:57:21 debian systemd[1]: Starting Set console font and keymap...
Dec 28 12:57:21 debian kernel: [    0.000000]   2 base 00D0000000 mask 3FF0000000 uncachable
Dec 28 12:57:21 debian kernel: [    0.000000]   3 base 00E0000000 mask 3FE0000000 uncachable
Dec 28 12:57:21 debian kernel: [    0.000000]   4 base 1FF0000000 mask 3FF0000000 uncachable
Dec 28 12:57:21 debian systemd[1]: Starting Create Volatile Files and Directories...
Dec 28 12:57:21 debian kernel: [    0.000000]   5 disabled
Dec 28 12:57:21 debian kernel: [    0.000000]   6 disabled
Dec 28 12:57:21 debian systemd[1]: Starting udev Kernel Device Manager...
Dec 28 12:57:21 debian kernel: [    0.000000]   7 disabled
Dec 28 12:57:21 debian systemd[1]: Started Set console font and keymap.
Dec 28 12:57:21 debian kernel: [    0.000000] x86/PAT: Configuration [0-7]: WB  WC  UC- UC  WB  WC  UC- WT
Dec 28 12:57:21 debian systemd[1]: Started Create Volatile Files and Directories.
Dec 28 12:57:21 debian kernel: [    0.000000] e820: update [mem 0xcff00000-0xffffffff] usable ==> reserved
Dec 28 12:57:21 debian kernel: [    0.000000] e820: last_pfn = 0xcfe0a max_arch_pfn = 0x400000000
Dec 28 12:57:21 debian kernel: [    0.000000] found SMP MP-table at [mem 0x000fe710-0x000fe71f] mapped at [ffff9867800fe710]
Dec 28 12:57:21 debian systemd[1]: Starting Update UTMP about System Boot/Shutdown...
Dec 28 12:57:21 debian kernel: [    0.000000] Base memory trampoline at [ffff986780098000] 98000 size 24576
Dec 28 12:57:21 debian kernel: [    0.000000] BRK [0x9332f000, 0x9332ffff] PGTABLE
Dec 28 12:57:21 debian systemd[1]: Starting Network Time Synchronization...
Dec 28 12:57:21 debian kernel: [    0.000000] BRK [0x93330000, 0x93330fff] PGTABLE
Dec 28 12:57:21 debian kernel: [    0.000000] BRK [0x93331000, 0x93331fff] PGTABLE
Dec 28 12:57:21 debian kernel: [    0.000000] BRK [0x93332000, 0x93332fff] PGTABLE
Dec 28 12:57:21 debian kernel: [    0.000000] BRK [0x93333000, 0x93333fff] PGTABLE
Dec 28 12:57:21 debian kernel: [    0.000000] BRK [0x93334000, 0x93334fff] PGTABLE
Dec 28 12:57:21 debian systemd[1]: Started Update UTMP about System Boot/Shutdown.
Dec 28 12:57:21 debian kernel: [    0.000000] BRK [0x93335000, 0x93335fff] PGTABLE
Dec 28 12:57:21 debian systemd[1]: Started udev Kernel Device Manager.
Dec 28 12:57:21 debian kernel: [    0.000000] BRK [0x93336000, 0x93336fff] PGTABLE
Dec 28 12:57:21 debian kernel: [    0.000000] BRK [0x93337000, 0x93337fff] PGTABLE
Dec 28 12:57:21 debian systemd[1]: Started Network Time Synchronization.
Dec 28 12:57:21 debian kernel: [    0.000000] BRK [0x93338000, 0x93338fff] PGTABLE
Dec 28 12:57:21 debian kernel: [    0.000000] BRK [0x93339000, 0x93339fff] PGTABLE
Dec 28 12:57:21 debian kernel: [    0.000000] BRK [0x9333a000, 0x9333afff] PGTABLE
Dec 28 12:57:21 debian systemd[1]: Reached target System Time Synchronized.
Dec 28 12:57:21 debian kernel: [    0.000000] RAMDISK: [mem 0x35d0f000-0x36e7efff]
Dec 28 12:57:21 debian systemd[1]: Found device WDC_WD2500AAJS-75M0A0 5.
Dec 28 12:57:21 debian kernel: [    0.000000] ACPI: Early table checksum verification disabled
Dec 28 12:57:21 debian systemd[1]: Activating swap /dev/disk/by-uuid/e48b28bf-0663-4721-8650-336c31396d62...
Dec 28 12:57:21 debian kernel: [    0.000000] ACPI: RSDP 0x00000000000FEBF0 000024 (v02 DELL  )
Dec 28 12:57:21 debian kernel: [    0.000000] ACPI: XSDT 0x00000000000FCD58 0000BC (v01 DELL   B9K      00000015 ASL  00000061)
Dec 28 12:57:21 debian systemd[1]: Found device NetXtreme BCM5754 Gigabit Ethernet PCI Express (Precision T5400).
Dec 28 12:57:21 debian kernel: [    0.000000] ACPI: FACP 0x00000000000FCE88 0000F4 (v03 DELL   B9K      00000015 ASL  00000061)
Dec 28 12:57:21 debian systemd[1]: Started ifup for enp8s0.
Dec 28 12:57:21 debian kernel: [    0.000000] ACPI: DSDT 0x00000000FFF62E18 003A12 (v01 DELL   dt_ex    00001000 INTL 20050624)
Dec 28 12:57:21 debian kernel: [    0.000000] ACPI: FACS 0x00000000CFE0AC00 000040
Dec 28 12:57:21 debian systemd[1]: Activated swap /dev/disk/by-uuid/e48b28bf-0663-4721-8650-336c31396d62.
Dec 28 12:57:21 debian kernel: [    0.000000] ACPI: FACS 0x00000000CFE0AC00 000040
Dec 28 12:57:21 debian systemd[1]: Reached target Swap.
Dec 28 12:57:21 debian kernel: [    0.000000] ACPI: SSDT 0x00000000FFF6694B 0000AC (v01 DELL   st_ex    00001000 INTL 20050624)
Dec 28 12:57:21 debian kernel: [    0.000000] ACPI: APIC 0x00000000000FCF7C 0000AA (v01 DELL   B9K      00000015 ASL  00000061)
Dec 28 12:57:21 debian systemd[1]: Reached target System Initialization.
Dec 28 12:57:21 debian kernel: [    0.000000] ACPI: BOOT 0x00000000000FD026 000028 (v01 DELL   B9K      00000015 ASL  00000061)
Dec 28 12:57:21 debian systemd[1]: Started Daily Cleanup of Temporary Directories.
Dec 28 12:57:21 debian kernel: [    0.000000] ACPI: ASF! 0x00000000000FD04E 000096 (v32 DELL   B9K      00000015 ASL  00000061)
Dec 28 12:57:21 debian kernel: [    0.000000] ACPI: MCFG 0x00000000000FD0E4 00003E (v01 DELL   B9K      00000015 ASL  00000061)
Dec 28 12:57:21 debian systemd[1]: Started ACPI Events Check.
Dec 28 12:57:21 debian kernel: [    0.000000] ACPI: HPET 0x00000000000FD122 000038 (v01 DELL   B9K      00000015 ASL  00000061)
Dec 28 12:57:21 debian kernel: [    0.000000] ACPI: TCPA 0x00000000000FD37E 000032 (v01 DELL   B9K      00000015 ASL  00000061)
Dec 28 12:57:21 debian systemd[1]: Reached target Paths.
Dec 28 12:57:21 debian kernel: [    0.000000] ACPI: DMAR 0x00000000000FD3B0 0000C8 (v01 DELL   B9K      00000015 ASL  00000061)
Dec 28 12:57:21 debian kernel: [    0.000000] ACPI: SLIC 0x00000000000FD15A 000176 (v01 DELL   B9K      00000015 ASL  00000061)
Dec 28 12:57:21 debian systemd[1]: anacron.timer: Adding 4min 45.978695s random time.
Dec 28 12:57:21 debian kernel: [    0.000000] ACPI: SSDT 0x00000000CFE0AC40 0001B7 (v01 DpgPmm Cpu0Ist  00000011 INTL 20050624)
Dec 28 12:57:21 debian systemd[1]: Started Trigger anacron every hour.
Dec 28 12:57:21 debian kernel: [    0.000000] ACPI: SSDT 0x00000000CFE0B049 0001B7 (v01 DpgPmm Cpu1Ist  00000011 INTL 20050624)
Dec 28 12:57:21 debian systemd[1]: Listening on Avahi mDNS/DNS-SD Stack Activation Socket.
Dec 28 12:57:21 debian kernel: [    0.000000] ACPI: SSDT 0x00000000CFE0B452 0001B7 (v01 DpgPmm Cpu2Ist  00000011 INTL 20050624)
Dec 28 12:57:21 debian kernel: [    0.000000] ACPI: SSDT 0x00000000CFE0B85B 0001B7 (v01 DpgPmm Cpu3Ist  00000011 INTL 20050624)
Dec 28 12:57:21 debian systemd[1]: Listening on PC/SC Smart Card Daemon Activation Socket.
Dec 28 12:57:21 debian kernel: [    0.000000] ACPI: SSDT 0x00000000CFE0BC64 0001B7 (v01 DpgPmm Cpu4Ist  00000011 INTL 20050624)
Dec 28 12:57:21 debian kernel: [    0.000000] ACPI: SSDT 0x00000000CFE0C06D 0001B7 (v01 DpgPmm Cpu5Ist  00000011 INTL 20050624)
Dec 28 12:57:21 debian systemd[1]: Listening on ACPID Listen Socket.
Dec 28 12:57:21 debian kernel: [    0.000000] ACPI: SSDT 0x00000000CFE0C476 0001B7 (v01 DpgPmm Cpu6Ist  00000011 INTL 20050624)
Dec 28 12:57:21 debian kernel: [    0.000000] ACPI: SSDT 0x00000000CFE0C87F 0001B7 (v01 DpgPmm Cpu7Ist  00000011 INTL 20050624)
Dec 28 12:57:21 debian kernel: [    0.000000] ACPI: SSDT 0x00000000CFE0CC88 000244 (v01 DpgPmm CpuPm    00000010 INTL 20050624)
Dec 28 12:57:21 debian kernel: [    0.000000] ACPI: Local APIC address 0xfee00000
Dec 28 12:57:21 debian systemd[1]: Listening on UUID daemon activation socket.
Dec 28 12:57:21 debian kernel: [    0.000000] No NUMA configuration found
Dec 28 12:57:21 debian systemd[1]: apt-daily.timer: Adding 7h 9.831619s random time.
Dec 28 12:57:21 debian kernel: [    0.000000] Faking a node at [mem 0x0000000000000000-0x000000032fffffff]
Dec 28 12:57:21 debian kernel: [    0.000000] NODE_DATA(0) allocated [mem 0x32fff6000-0x32fffafff]
Dec 28 12:57:21 debian systemd[1]: Started Daily apt download activities.
Dec 28 12:57:21 debian kernel: [    0.000000] Zone ranges:
Dec 28 12:57:21 debian kernel: [    0.000000]   DMA      [mem 0x0000000000001000-0x0000000000ffffff]
Dec 28 12:57:21 debian systemd[1]: apt-daily-upgrade.timer: Adding 17min 48.941757s random time.
Dec 28 12:57:21 debian kernel: [    0.000000]   DMA32    [mem 0x0000000001000000-0x00000000ffffffff]
Dec 28 12:57:21 debian systemd[1]: Started Daily apt upgrade and clean activities.
Dec 28 12:57:21 debian kernel: [    0.000000]   Normal   [mem 0x0000000100000000-0x000000032fffffff]
Dec 28 12:57:21 debian systemd[1]: Reached target Timers.
Dec 28 12:57:21 debian kernel: [    0.000000]   Device   empty
Dec 28 12:57:21 debian systemd[1]: Listening on D-Bus System Message Bus Socket.
Dec 28 12:57:21 debian kernel: [    0.000000] Movable zone start for each node
Dec 28 12:57:21 debian kernel: [    0.000000] Early memory node ranges
Dec 28 12:57:21 debian kernel: [    0.000000]   node   0: [mem 0x0000000000001000-0x000000000009dfff]
Dec 28 12:57:21 debian systemd[1]: Reached target Sockets.
Dec 28 12:57:21 debian kernel: [    0.000000]   node   0: [mem 0x0000000000100000-0x00000000cfe09fff]
Dec 28 12:57:21 debian kernel: [    0.000000]   node   0: [mem 0x0000000100000000-0x000000032fffffff]
Dec 28 12:57:21 debian kernel: [    0.000000] Initmem setup node 0 [mem 0x0000000000001000-0x000000032fffffff]
Dec 28 12:57:21 debian systemd[1]: Reached target Basic System.
Dec 28 12:57:21 debian kernel: [    0.000000] On node 0 totalpages: 3145127
Dec 28 12:57:21 debian systemd[1]: Started Regular background program processing daemon.
Dec 28 12:57:21 debian systemd[1]: Reached target Login Prompts.
Dec 28 12:57:21 debian kernel: [    0.000000]   DMA zone: 64 pages used for memmap
Dec 28 12:57:21 debian systemd[1]: Starting Accounts Service...
Dec 28 12:57:21 debian kernel: [    0.000000]   DMA zone: 21 pages reserved
Dec 28 12:57:21 debian systemd[1]: Starting PostgreSQL Cluster 9.6-main...
Dec 28 12:57:21 debian kernel: [    0.000000]   DMA zone: 3997 pages, LIFO batch:0
Dec 28 12:57:21 debian kernel: [    0.000000]   DMA32 zone: 13241 pages used for memmap
Dec 28 12:57:21 debian kernel: [    0.000000]   DMA32 zone: 847370 pages, LIFO batch:31
Dec 28 12:57:21 debian systemd[1]: Starting System Logging Service...
Dec 28 12:57:21 debian kernel: [    0.000000]   Normal zone: 35840 pages used for memmap
Dec 28 12:57:21 debian systemd[1]: Started Run anacron jobs.
Dec 28 12:57:21 debian kernel: [    0.000000]   Normal zone: 2293760 pages, LIFO batch:31
Dec 28 12:57:21 debian systemd[1]: anacron.timer: Adding 5.858841s random time.
Dec 28 12:57:21 debian kernel: [    0.000000] ACPI: PM-Timer IO Port: 0x808
Dec 28 12:57:21 debian systemd[1]: anacron.timer: Adding 21.188352s random time.
Dec 28 12:57:21 debian kernel: [    0.000000] ACPI: Local APIC address 0xfee00000
Dec 28 12:57:21 debian kernel: [    0.000000] ACPI: LAPIC_NMI (acpi_id[0xff] high edge lint[0x1])
Dec 28 12:57:21 debian systemd[1]: Started D-Bus System Message Bus.
Dec 28 12:57:21 debian kernel: [    0.000000] IOAPIC[0]: apic_id 8, version 32, address 0xfec00000, GSI 0-23
Dec 28 12:57:21 debian kernel: [    0.000000] IOAPIC[1]: apic_id 9, version 32, address 0xfec88000, GSI 24-47
Dec 28 12:57:21 debian cron[374]: (CRON) INFO (pidfile fd = 3)
Dec 28 12:57:21 debian kernel: [    0.000000] IOAPIC[2]: apic_id 10, version 32, address 0xfec89000, GSI 48-71
Dec 28 12:57:21 debian kernel: [    0.000000] ACPI: INT_SRC_OVR (bus 0 bus_irq 0 global_irq 2 dfl dfl)
Dec 28 12:57:21 debian anacron[378]: Anacron 2.3 started on 2017-12-28
Dec 28 12:57:21 debian cron[374]: (CRON) INFO (Running @reboot jobs)
Dec 28 12:57:21 debian systemd[1]: Starting Network Manager...
Dec 28 12:57:21 debian systemd[1]: Starting Modem Manager...
Dec 28 12:57:21 debian systemd[1]: Starting LSB: Speech Dispatcher...
Dec 28 12:57:21 debian systemd[1]: Starting Login Service...
Dec 28 12:57:21 debian systemd[1]: Starting Avahi mDNS/DNS-SD Stack...
Dec 28 12:57:21 debian systemd[1]: Starting Restore /etc/resolv.conf if the system crashed before the ppp link was shut down...
Dec 28 12:57:21 debian anacron[378]: Normal exit (0 jobs run)
Dec 28 12:57:21 debian systemd[1]: Starting RealtimeKit Scheduling Policy Service...
Dec 28 12:57:21 debian systemd[1]: Starting LSB: Start/stop sysstat's sadc...
Dec 28 12:57:21 debian systemd[1]: Starting Save/Restore Sound Card State...
Dec 28 12:57:21 debian systemd[1]: anacron.timer: Adding 42.013681s random time.
Dec 28 12:57:21 debian kernel: [    0.000000] ACPI: INT_SRC_OVR (bus 0 bus_irq 9 global_irq 9 high level)
Dec 28 12:57:21 debian systemd[1]: Started Restore /etc/resolv.conf if the system crashed before the ppp link was shut down.
Dec 28 12:57:21 debian kernel: [    0.000000] ACPI: IRQ0 used by override.
Dec 28 12:57:21 debian rtkit-daemon[402]: Successfully called chroot.
Dec 28 12:57:21 debian kernel: [    0.000000] ACPI: IRQ9 used by override.
Dec 28 12:57:21 debian kernel: [    0.000000] Using ACPI (MADT) for SMP configuration information
Dec 28 12:57:21 debian rtkit-daemon[402]: Successfully dropped privileges.
Dec 28 12:57:21 debian kernel: [    0.000000] ACPI: HPET id: 0x8086a201 base: 0xfed00000
Dec 28 12:57:21 debian rtkit-daemon[402]: Successfully limited resources.
Dec 28 12:57:21 debian kernel: [    0.000000] smpboot: Allowing 8 CPUs, 0 hotplug CPUs
Dec 28 12:57:21 debian rtkit-daemon[402]: Running.
Dec 28 12:57:21 debian kernel: [    0.000000] PM: Registered nosave memory: [mem 0x00000000-0x00000fff]
Dec 28 12:57:21 debian rtkit-daemon[402]: Watchdog thread running.
Dec 28 12:57:21 debian kernel: [    0.000000] PM: Registered nosave memory: [mem 0x0009e000-0x000effff]
Dec 28 12:57:21 debian rtkit-daemon[402]: Canary thread running.
Dec 28 12:57:21 debian kernel: [    0.000000] PM: Registered nosave memory: [mem 0x000f0000-0x000fffff]
Dec 28 12:57:21 debian kernel: [    0.000000] PM: Registered nosave memory: [mem 0xcfe0a000-0xcfe0afff]
Dec 28 12:57:21 debian kernel: [    0.000000] PM: Registered nosave memory: [mem 0xcfe0b000-0xcfe5bfff]
Dec 28 12:57:21 debian systemd[1]: Started RealtimeKit Scheduling Policy Service.
Dec 28 12:57:21 debian kernel: [    0.000000] PM: Registered nosave memory: [mem 0xcfe5c000-0xcfe5cfff]
Dec 28 12:57:21 debian systemd[1]: Reached target Sound Card.
Dec 28 12:57:21 debian kernel: [    0.000000] PM: Registered nosave memory: [mem 0xcfe5d000-0xcfe5dfff]
Dec 28 12:57:21 debian kernel: [    0.000000] PM: Registered nosave memory: [mem 0xcfe5e000-0xcfe5efff]
Dec 28 12:57:21 debian systemd[1]: Started Login Service.
Dec 28 12:57:21 debian kernel: [    0.000000] PM: Registered nosave memory: [mem 0xcfe5f000-0xcfffffff]
Dec 28 12:57:21 debian kernel: [    0.000000] PM: Registered nosave memory: [mem 0xd0000000-0xdfffffff]
Dec 28 12:57:21 debian liblogging-stdlog:  [origin software="rsyslogd" swVersion="8.24.0" x-pid="377" x-info="http://www.rsyslog.com"] start
Dec 28 12:57:21 debian kernel: [    0.000000] PM: Registered nosave memory: [mem 0xe0000000-0xefffffff]
Dec 28 12:57:21 debian kernel: [    0.000000] PM: Registered nosave memory: [mem 0xf0000000-0xfdffffff]
Dec 28 12:57:21 debian systemd[1]: Started System Logging Service.
Dec 28 12:57:21 debian kernel: [    0.000000] PM: Registered nosave memory: [mem 0xfe000000-0xfeffffff]
Dec 28 12:57:21 debian kernel: [    0.000000] PM: Registered nosave memory: [mem 0xff000000-0xffafffff]
Dec 28 12:57:21 debian kernel: [    0.000000] PM: Registered nosave memory: [mem 0xffb00000-0xffffffff]
Dec 28 12:57:21 debian kernel: [    0.000000] e820: [mem 0xd0000000-0xdfffffff] available for PCI devices
Dec 28 12:57:21 debian kernel: [    0.000000] Booting paravirtualized kernel on bare hardware
Dec 28 12:57:21 debian kernel: [    0.000000] clocksource: refined-jiffies: mask: 0xffffffff max_cycles: 0xffffffff, max_idle_ns: 7645519600211568 ns
Dec 28 12:57:21 debian kernel: [    0.000000] setup_percpu: NR_CPUS:512 nr_cpumask_bits:512 nr_cpu_ids:8 nr_node_ids:1
Dec 28 12:57:21 debian kernel: [    0.000000] percpu: Embedded 35 pages/cpu @ffff986aafc00000 s103448 r8192 d31720 u262144
Dec 28 12:57:21 debian kernel: [    0.000000] pcpu-alloc: s103448 r8192 d31720 u262144 alloc=1*2097152
Dec 28 12:57:21 debian kernel: [    0.000000] pcpu-alloc: [0] 0 1 2 3 4 5 6 7
Dec 28 12:57:21 debian kernel: [    0.000000] Built 1 zonelists in Node order, mobility grouping on.  Total pages: 3095961
Dec 28 12:57:21 debian kernel: [    0.000000] Policy zone: Normal
Dec 28 12:57:21 debian kernel: [    0.000000] Kernel command line: BOOT_IMAGE=/boot/vmlinuz-4.9.0-4-amd64 root=UUID=284db509-db11-4fa6-a546-7fea4f6e3d8a ro quiet
Dec 28 12:57:21 debian kernel: [    0.000000] PID hash table entries: 4096 (order: 3, 32768 bytes)
Dec 28 12:57:21 debian kernel: [    0.000000] Calgary: detecting Calgary via BIOS EBDA area
Dec 28 12:57:21 debian kernel: [    0.000000] Calgary: Unable to locate Rio Grande table in EBDA - bailing!
Dec 28 12:57:21 debian kernel: [    0.000000] Memory: 12283192K/12580508K available (6195K kernel code, 1137K rwdata, 2856K rodata, 1396K init, 688K bss, 297316K reserved, 0K cma-reserved)
Dec 28 12:57:21 debian kernel: [    0.000000] Hierarchical RCU implementation.
Dec 28 12:57:21 debian kernel: [    0.000000] 	Build-time adjustment of leaf fanout to 64.
Dec 28 12:57:21 debian kernel: [    0.000000] 	RCU restricting CPUs from NR_CPUS=512 to nr_cpu_ids=8.
Dec 28 12:57:21 debian kernel: [    0.000000] RCU: Adjusting geometry for rcu_fanout_leaf=64, nr_cpu_ids=8
Dec 28 12:57:21 debian kernel: [    0.000000] NR_IRQS:33024 nr_irqs:1304 16
Dec 28 12:57:21 debian kernel: [    0.000000] Console: colour VGA+ 80x25
Dec 28 12:57:21 debian kernel: [    0.000000] console [tty0] enabled
Dec 28 12:57:21 debian kernel: [    0.000000] clocksource: hpet: mask: 0xffffffff max_cycles: 0xffffffff, max_idle_ns: 133484882848 ns
Dec 28 12:57:21 debian kernel: [    0.000000] hpet clockevent registered
Dec 28 12:57:21 debian kernel: [    0.000000] tsc: Fast TSC calibration using PIT
Dec 28 12:57:21 debian kernel: [    0.000000] tsc: Detected 2660.212 MHz processor
Dec 28 12:57:21 debian kernel: [    0.004013] Calibrating delay loop (skipped), value calculated using timer frequency.. 5320.42 BogoMIPS (lpj=10640848)
Dec 28 12:57:21 debian kernel: [    0.004016] pid_max: default: 32768 minimum: 301
Dec 28 12:57:21 debian kernel: [    0.004046] ACPI: Core revision 20160831
Dec 28 12:57:21 debian kernel: [    0.028585] ACPI: 11 ACPI AML tables successfully acquired and loaded
Dec 28 12:57:21 debian kernel: [    0.028667] Security Framework initialized
Dec 28 12:57:21 debian kernel: [    0.028669] Yama: disabled by default; enable with sysctl kernel.yama.*
Dec 28 12:57:21 debian kernel: [    0.028678] AppArmor: AppArmor disabled by boot time parameter
Dec 28 12:57:21 debian kernel: [    0.029705] Dentry cache hash table entries: 2097152 (order: 12, 16777216 bytes)
Dec 28 12:57:21 debian kernel: [    0.037981] Inode-cache hash table entries: 1048576 (order: 11, 8388608 bytes)
Dec 28 12:57:21 debian kernel: [    0.041916] Mount-cache hash table entries: 32768 (order: 6, 262144 bytes)
Dec 28 12:57:21 debian kernel: [    0.041938] Mountpoint-cache hash table entries: 32768 (order: 6, 262144 bytes)
Dec 28 12:57:21 debian kernel: [    0.042552] CPU: Physical Processor ID: 0
Dec 28 12:57:21 debian kernel: [    0.042553] CPU: Processor Core ID: 0
Dec 28 12:57:21 debian kernel: [    0.042554] mce: CPU supports 6 MCE banks
Dec 28 12:57:21 debian kernel: [    0.042562] CPU0: Thermal monitoring enabled (TM2)
Dec 28 12:57:21 debian kernel: [    0.042566] process: using mwait in idle threads
Dec 28 12:57:21 debian kernel: [    0.042571] Last level iTLB entries: 4KB 128, 2MB 4, 4MB 4
Dec 28 12:57:21 debian kernel: [    0.042572] Last level dTLB entries: 4KB 256, 2MB 0, 4MB 32, 1GB 0
Dec 28 12:57:21 debian kernel: [    0.042942] Freeing SMP alternatives memory: 24K
Dec 28 12:57:21 debian kernel: [    0.045542] ftrace: allocating 25200 entries in 99 pages
Dec 28 12:57:21 debian kernel: [    0.052093] smpboot: Max logical packages: 2
Dec 28 12:57:21 debian kernel: [    0.052102] DMAR: Host address width 38
Dec 28 12:57:21 debian kernel: [    0.052104] DMAR: DRHD base: 0x000000fe710000 flags: 0x0
Dec 28 12:57:21 debian kernel: [    0.052114] DMAR: dmar0: reg_base_addr fe710000 ver 1:0 cap 900000c2f0462 ecap e01
Dec 28 12:57:21 debian kernel: [    0.052116] DMAR: DRHD base: 0x000000fe714000 flags: 0x0
Dec 28 12:57:21 debian kernel: [    0.052120] DMAR: dmar1: reg_base_addr fe714000 ver 1:0 cap 900000c2f0462 ecap e01
Dec 28 12:57:21 debian kernel: [    0.052121] DMAR: DRHD base: 0x000000fe719000 flags: 0x0
Dec 28 12:57:21 debian kernel: [    0.052125] DMAR: dmar2: reg_base_addr fe719000 ver 1:0 cap 900000c2f0462 ecap e01
Dec 28 12:57:21 debian kernel: [    0.052126] DMAR: DRHD base: 0x000000fe718000 flags: 0x1
Dec 28 12:57:21 debian kernel: [    0.052131] DMAR: dmar3: reg_base_addr fe718000 ver 1:0 cap 900000c2f0462 ecap e01
Dec 28 12:57:21 debian kernel: [    0.052132] DMAR: RMRR base: 0x000000cfe61000 end: 0x000000cfe6ffff
Dec 28 12:57:21 debian kernel: [    0.052687] ..TIMER: vector=0x30 apic1=0 pin1=2 apic2=-1 pin2=-1
Dec 28 12:57:21 debian kernel: [    0.096000] smpboot: CPU0: Intel(R) Xeon(R) CPU           E5430  @ 2.66GHz (family: 0x6, model: 0x17, stepping: 0xa)
Dec 28 12:57:21 debian kernel: [    0.096000] Performance Events: PEBS fmt0+, Core2 events, Intel PMU driver.
Dec 28 12:57:21 debian kernel: [    0.096000] ... version:                2
Dec 28 12:57:21 debian kernel: [    0.096000] ... bit width:              40
Dec 28 12:57:21 debian kernel: [    0.096000] ... generic registers:      2
Dec 28 12:57:21 debian kernel: [    0.096000] ... value mask:             000000ffffffffff
Dec 28 12:57:21 debian kernel: [    0.096000] ... max period:             000000007fffffff
Dec 28 12:57:21 debian kernel: [    0.096000] ... fixed-purpose events:   3
Dec 28 12:57:21 debian kernel: [    0.096000] ... event mask:             0000000700000003
Dec 28 12:57:21 debian kernel: [    0.096000] NMI watchdog: enabled on all CPUs, permanently consumes one hw-PMU counter.
Dec 28 12:57:21 debian kernel: [    0.096000] x86: Booting SMP configuration:
Dec 28 12:57:21 debian kernel: [    0.096000] .... node  #0, CPUs:      #1 #2 #3 #4 #5 #6 #7
Dec 28 12:57:21 debian kernel: [    0.195038] x86: Booted up 1 node, 8 CPUs
Dec 28 12:57:21 debian kernel: [    0.195038] smpboot: Total of 8 processors activated (42561.89 BogoMIPS)
Dec 28 12:57:21 debian kernel: [    0.196799] devtmpfs: initialized
Dec 28 12:57:21 debian kernel: [    0.196799] x86/mm: Memory block size: 128MB
Dec 28 12:57:21 debian kernel: [    0.204288] PM: Registering ACPI NVS region [mem 0xcfe0ac00-0xcfe5cbff] (335872 bytes)
Dec 28 12:57:21 debian kernel: [    0.204288] reboot: Dell Precision T5400 series board detected. Selecting BIOS-method for reboots.
Dec 28 12:57:21 debian kernel: [    0.204288] clocksource: jiffies: mask: 0xffffffff max_cycles: 0xffffffff, max_idle_ns: 7645041785100000 ns
Dec 28 12:57:21 debian kernel: [    0.204288] futex hash table entries: 2048 (order: 5, 131072 bytes)
Dec 28 12:57:21 debian kernel: [    0.204303] pinctrl core: initialized pinctrl subsystem
Dec 28 12:57:21 debian kernel: [    0.204502] NET: Registered protocol family 16
Dec 28 12:57:21 debian kernel: [    0.216006] cpuidle: using governor ladder
Dec 28 12:57:21 debian kernel: [    0.232004] cpuidle: using governor menu
Dec 28 12:57:21 debian kernel: [    0.232033] Simple Boot Flag at 0x7a set to 0x1
Dec 28 12:57:21 debian kernel: [    0.232045] ACPI FADT declares the system doesn't support PCIe ASPM, so disable it
Dec 28 12:57:21 debian kernel: [    0.232047] ACPI: bus type PCI registered
Dec 28 12:57:21 debian kernel: [    0.232048] acpiphp: ACPI Hot Plug PCI Controller Driver version: 0.5
Dec 28 12:57:21 debian kernel: [    0.232153] PCI: MMCONFIG for domain 0000 [bus 00-ff] at [mem 0xe0000000-0xefffffff] (base 0xe0000000)
Dec 28 12:57:21 debian kernel: [    0.232156] PCI: MMCONFIG at [mem 0xe0000000-0xefffffff] reserved in E820
Dec 28 12:57:21 debian kernel: [    0.232166] pmd_set_huge: Cannot satisfy [mem 0xe0000000-0xe0200000] with a huge-page mapping due to MTRR override.
Dec 28 12:57:21 debian kernel: [    0.232539] PCI: Using configuration type 1 for base access
Dec 28 12:57:21 debian kernel: [    0.248063] HugeTLB registered 2 MB page size, pre-allocated 0 pages
Dec 28 12:57:21 debian kernel: [    0.248118] ACPI: Added _OSI(Module Device)
Dec 28 12:57:21 debian kernel: [    0.248119] ACPI: Added _OSI(Processor Device)
Dec 28 12:57:21 debian kernel: [    0.248120] ACPI: Added _OSI(3.0 _SCP Extensions)
Dec 28 12:57:21 debian kernel: [    0.248122] ACPI: Added _OSI(Processor Aggregator Device)
Dec 28 12:57:21 debian kernel: [    0.264191] ACPI: [Firmware Bug]: BIOS _OSI(Linux) query ignored
Dec 28 12:57:21 debian kernel: [    0.292153] ACPI: Interpreter enabled
Dec 28 12:57:21 debian kernel: [    0.292172] ACPI: (supports S0 S1 S3 S4 S5)
Dec 28 12:57:21 debian kernel: [    0.292173] ACPI: Using IOAPIC for interrupt routing
Dec 28 12:57:21 debian kernel: [    0.292226] PCI: Using host bridge windows from ACPI; if necessary, use "pci=nocrs" and report a bug
Dec 28 12:57:21 debian kernel: [    0.488138] ACPI: PCI Root Bridge [PCI0] (domain 0000 [bus 00-ff])
Dec 28 12:57:21 debian kernel: [    0.488138] acpi PNP0A03:00: _OSC: OS supports [ExtendedConfig ASPM ClockPM Segments MSI]
Dec 28 12:57:21 debian kernel: [    0.488138] acpi PNP0A03:00: _OSC failed (AE_NOT_FOUND); disabling ASPM
Dec 28 12:57:21 debian kernel: [    0.494569] PCI host bridge to bus 0000:00
Dec 28 12:57:21 debian kernel: [    0.494569] pci_bus 0000:00: root bus resource [io  0x0000-0x0cf7 window]
Dec 28 12:57:21 debian kernel: [    0.494569] pci_bus 0000:00: root bus resource [io  0x0d00-0xffff window]
Dec 28 12:57:21 debian kernel: [    0.494569] pci_bus 0000:00: root bus resource [mem 0x000a0000-0x000bffff window]
Dec 28 12:57:21 debian kernel: [    0.494569] pci_bus 0000:00: root bus resource [mem 0x000c0000-0x000effff window]
Dec 28 12:57:21 debian kernel: [    0.494569] pci_bus 0000:00: root bus resource [mem 0x000f0000-0x000fffff window]
Dec 28 12:57:21 debian kernel: [    0.494569] pci_bus 0000:00: root bus resource [mem 0xf0000000-0xfe000000 window]
Dec 28 12:57:21 debian kernel: [    0.494569] pci_bus 0000:00: root bus resource [mem 0xcff00000-0xdfffffff window]
Dec 28 12:57:21 debian kernel: [    0.494569] pci_bus 0000:00: root bus resource [mem 0xff980800-0xff980bff window]
Dec 28 12:57:21 debian kernel: [    0.494569] pci_bus 0000:00: root bus resource [mem 0xff97c000-0xff97ffff window]
Dec 28 12:57:21 debian kernel: [    0.494569] pci_bus 0000:00: root bus resource [mem 0xfed20000-0xfed9ffff window]
Dec 28 12:57:21 debian kernel: [    0.494569] pci_bus 0000:00: root bus resource [bus 00-ff]
Dec 28 12:57:21 debian kernel: [    0.494569] pci 0000:00:00.0: [8086:4001] type 00 class 0x060000
Dec 28 12:57:21 debian kernel: [    0.494569] pci 0000:00:00.0: PME# supported from D0 D3hot D3cold
Dec 28 12:57:21 debian kernel: [    0.494569] pci 0000:00:01.0: [8086:4021] type 01 class 0x060400
Dec 28 12:57:21 debian kernel: [    0.494569] pci 0000:00:01.0: PME# supported from D0 D3hot D3cold
Dec 28 12:57:21 debian kernel: [    0.494569] pci 0000:00:01.0: System wakeup disabled by ACPI
Dec 28 12:57:21 debian kernel: [    0.494569] pci 0000:00:05.0: [8086:4025] type 01 class 0x060400
Dec 28 12:57:21 debian kernel: [    0.494569] pci 0000:00:05.0: PME# supported from D0 D3hot D3cold
Dec 28 12:57:21 debian kernel: [    0.494569] pci 0000:00:05.0: System wakeup disabled by ACPI
Dec 28 12:57:21 debian kernel: [    0.494569] pci 0000:00:09.0: [8086:4029] type 01 class 0x060400
Dec 28 12:57:21 debian kernel: [    0.494569] pci 0000:00:09.0: PME# supported from D0 D3hot D3cold
Dec 28 12:57:21 debian kernel: [    0.494569] pci 0000:00:09.0: System wakeup disabled by ACPI
Dec 28 12:57:21 debian kernel: [    0.494569] pci 0000:00:10.0: [8086:4030] type 00 class 0x060000
Dec 28 12:57:21 debian kernel: [    0.494569] pci 0000:00:10.1: [8086:4030] type 00 class 0x060000
Dec 28 12:57:21 debian kernel: [    0.494569] pci 0000:00:10.2: [8086:4030] type 00 class 0x060000
Dec 28 12:57:21 debian kernel: [    0.494569] pci 0000:00:10.3: [8086:4030] type 00 class 0x060000
Dec 28 12:57:21 debian kernel: [    0.494569] pci 0000:00:10.4: [8086:4030] type 00 class 0x060000
Dec 28 12:57:21 debian kernel: [    0.494569] pci 0000:00:11.0: [8086:4031] type 00 class 0x060000
Dec 28 12:57:21 debian kernel: [    0.494569] pci 0000:00:15.0: [8086:4035] type 00 class 0x060000
Dec 28 12:57:21 debian kernel: [    0.494590] pci 0000:00:15.1: [8086:4035] type 00 class 0x060000
Dec 28 12:57:21 debian kernel: [    0.494777] pci 0000:00:16.0: [8086:4036] type 00 class 0x060000
Dec 28 12:57:21 debian kernel: [    0.496087] pci 0000:00:16.1: [8086:4036] type 00 class 0x060000
Dec 28 12:57:21 debian kernel: [    0.496284] pci 0000:00:1b.0: [8086:269a] type 00 class 0x040300
Dec 28 12:57:21 debian kernel: [    0.496299] pci 0000:00:1b.0: reg 0x10: [mem 0xfbffc000-0xfbffffff 64bit]
Dec 28 12:57:21 debian kernel: [    0.496366] pci 0000:00:1b.0: PME# supported from D0 D3hot D3cold
Dec 28 12:57:21 debian kernel: [    0.496556] pci 0000:00:1c.0: [8086:2690] type 01 class 0x060400
Dec 28 12:57:21 debian kernel: [    0.496620] pci 0000:00:1c.0: PME# supported from D0 D3hot D3cold
Dec 28 12:57:21 debian kernel: [    0.496763] pci 0000:00:1c.0: System wakeup disabled by ACPI
Dec 28 12:57:21 debian kernel: [    0.496817] pci 0000:00:1d.0: [8086:2688] type 00 class 0x0c0300
Dec 28 12:57:21 debian kernel: [    0.496854] pci 0000:00:1d.0: reg 0x20: [io  0xff80-0xff9f]
Dec 28 12:57:21 debian kernel: [    0.497008] pci 0000:00:1d.0: System wakeup disabled by ACPI
Dec 28 12:57:21 debian kernel: [    0.497056] pci 0000:00:1d.1: [8086:2689] type 00 class 0x0c0300
Dec 28 12:57:21 debian kernel: [    0.497092] pci 0000:00:1d.1: reg 0x20: [io  0xff60-0xff7f]
Dec 28 12:57:21 debian kernel: [    0.497246] pci 0000:00:1d.1: System wakeup disabled by ACPI
Dec 28 12:57:21 debian kernel: [    0.497295] pci 0000:00:1d.2: [8086:268a] type 00 class 0x0c0300
Dec 28 12:57:21 debian kernel: [    0.497341] pci 0000:00:1d.2: reg 0x20: [io  0xff40-0xff5f]
Dec 28 12:57:21 debian kernel: [    0.497496] pci 0000:00:1d.2: System wakeup disabled by ACPI
Dec 28 12:57:21 debian kernel: [    0.497544] pci 0000:00:1d.3: [8086:268b] type 00 class 0x0c0300
Dec 28 12:57:21 debian kernel: [    0.497579] pci 0000:00:1d.3: reg 0x20: [io  0xff20-0xff3f]
Dec 28 12:57:21 debian kernel: [    0.497734] pci 0000:00:1d.3: System wakeup disabled by ACPI
Dec 28 12:57:21 debian kernel: [    0.497788] pci 0000:00:1d.7: [8086:268c] type 00 class 0x0c0320
Dec 28 12:57:21 debian kernel: [    0.497803] pci 0000:00:1d.7: reg 0x10: [mem 0xff980800-0xff980bff]
Dec 28 12:57:21 debian kernel: [    0.497876] pci 0000:00:1d.7: PME# supported from D0 D3hot D3cold
Dec 28 12:57:21 debian kernel: [    0.498051] pci 0000:00:1e.0: [8086:244e] type 01 class 0x060401
Dec 28 12:57:21 debian kernel: [    0.498226] pci 0000:00:1e.0: System wakeup disabled by ACPI
Dec 28 12:57:21 debian kernel: [    0.498276] pci 0000:00:1f.0: [8086:2670] type 00 class 0x060100
Dec 28 12:57:21 debian kernel: [    0.498518] pci 0000:00:1f.1: [8086:269e] type 00 class 0x01018a
Dec 28 12:57:21 debian kernel: [    0.498530] pci 0000:00:1f.1: reg 0x10: [io  0x01f0-0x01f7]
Dec 28 12:57:21 debian kernel: [    0.498538] pci 0000:00:1f.1: reg 0x14: [io  0x03f4-0x03f7]
Dec 28 12:57:21 debian kernel: [    0.498545] pci 0000:00:1f.1: reg 0x18: [io  0x0170-0x0177]
Dec 28 12:57:21 debian kernel: [    0.498553] pci 0000:00:1f.1: reg 0x1c: [io  0x0374-0x0377]
Dec 28 12:57:21 debian kernel: [    0.498561] pci 0000:00:1f.1: reg 0x20: [io  0xffa0-0xffaf]
Dec 28 12:57:21 debian kernel: [    0.498578] pci 0000:00:1f.1: legacy IDE quirk: reg 0x10: [io  0x01f0-0x01f7]
Dec 28 12:57:21 debian kernel: [    0.498579] pci 0000:00:1f.1: legacy IDE quirk: reg 0x14: [io  0x03f6]
Dec 28 12:57:21 debian kernel: [    0.498581] pci 0000:00:1f.1: legacy IDE quirk: reg 0x18: [io  0x0170-0x0177]
Dec 28 12:57:21 debian kernel: [    0.498582] pci 0000:00:1f.1: legacy IDE quirk: reg 0x1c: [io  0x0376]
Dec 28 12:57:21 debian kernel: [    0.498754] pci 0000:00:1f.2: [8086:2681] type 00 class 0x010601
Dec 28 12:57:21 debian kernel: [    0.498766] pci 0000:00:1f.2: reg 0x10: [io  0xfe00-0xfe07]
Dec 28 12:57:21 debian kernel: [    0.498773] pci 0000:00:1f.2: reg 0x14: [io  0xfe10-0xfe13]
Dec 28 12:57:21 debian kernel: [    0.498780] pci 0000:00:1f.2: reg 0x18: [io  0xfe20-0xfe27]
Dec 28 12:57:21 debian kernel: [    0.498787] pci 0000:00:1f.2: reg 0x1c: [io  0xfe30-0xfe33]
Dec 28 12:57:21 debian kernel: [    0.498793] pci 0000:00:1f.2: reg 0x20: [io  0xfec0-0xfedf]
Dec 28 12:57:21 debian kernel: [    0.498800] pci 0000:00:1f.2: reg 0x24: [mem 0xff970000-0xff9703ff]
Dec 28 12:57:21 debian kernel: [    0.498831] pci 0000:00:1f.2: PME# supported from D3hot
Dec 28 12:57:21 debian kernel: [    0.499005] pci 0000:00:1f.3: [8086:269b] type 00 class 0x0c0500
Dec 28 12:57:21 debian kernel: [    0.499052] pci 0000:00:1f.3: reg 0x20: [io  0xece0-0xecff]
Dec 28 12:57:21 debian kernel: [    0.499280] pci 0000:00:01.0: PCI bridge to [bus 01]
Dec 28 12:57:21 debian kernel: [    0.499284] pci 0000:00:01.0:   bridge window [mem 0xfbe00000-0xfbefffff]
Dec 28 12:57:21 debian kernel: [    0.499333] pci 0000:02:00.0: [10de:042f] type 00 class 0x030000
Dec 28 12:57:21 debian kernel: [    0.499344] pci 0000:02:00.0: reg 0x10: [mem 0xfa000000-0xfaffffff]
Dec 28 12:57:21 debian kernel: [    0.499354] pci 0000:02:00.0: reg 0x14: [mem 0xd0000000-0xdfffffff 64bit pref]
Dec 28 12:57:21 debian kernel: [    0.499363] pci 0000:02:00.0: reg 0x1c: [mem 0xf8000000-0xf9ffffff 64bit]
Dec 28 12:57:21 debian kernel: [    0.499370] pci 0000:02:00.0: reg 0x24: [io  0xdc80-0xdcff]
Dec 28 12:57:21 debian kernel: [    0.499377] pci 0000:02:00.0: reg 0x30: [mem 0xfbd00000-0xfbd1ffff pref]
Dec 28 12:57:21 debian kernel: [    0.512015] pci 0000:00:05.0: PCI bridge to [bus 02]
Dec 28 12:57:21 debian kernel: [    0.512018] pci 0000:00:05.0:   bridge window [io  0xd000-0xdfff]
Dec 28 12:57:21 debian kernel: [    0.512021] pci 0000:00:05.0:   bridge window [mem 0xf8000000-0xfbdfffff]
Dec 28 12:57:21 debian kernel: [    0.512025] pci 0000:00:05.0:   bridge window [mem 0xd0000000-0xdfffffff 64bit pref]
Dec 28 12:57:21 debian kernel: [    0.512190] pci 0000:03:00.0: [8086:3500] type 01 class 0x060400
Dec 28 12:57:21 debian kernel: [    0.512249] pci 0000:03:00.0: PME# supported from D0 D3hot D3cold
Dec 28 12:57:21 debian kernel: [    0.512313] pci 0000:03:00.0: System wakeup disabled by ACPI
Dec 28 12:57:21 debian kernel: [    0.512366] pci 0000:03:00.3: [8086:350c] type 01 class 0x060400
Dec 28 12:57:21 debian kernel: [    0.512422] pci 0000:03:00.3: PME# supported from D0 D3hot D3cold
Dec 28 12:57:21 debian kernel: [    0.512494] pci 0000:03:00.3: System wakeup disabled by ACPI
Dec 28 12:57:21 debian kernel: [    0.524011] pci 0000:00:09.0: PCI bridge to [bus 03-07]
Dec 28 12:57:21 debian kernel: [    0.524016] pci 0000:00:09.0:   bridge window [mem 0xf7f00000-0xf7ffffff]
Dec 28 12:57:21 debian kernel: [    0.524192] pci 0000:04:00.0: [8086:3510] type 01 class 0x060400
Dec 28 12:57:21 debian kernel: [    0.524258] pci 0000:04:00.0: PME# supported from D0 D3hot D3cold
Dec 28 12:57:21 debian kernel: [    0.524324] pci 0000:04:00.0: System wakeup disabled by ACPI
Dec 28 12:57:21 debian kernel: [    0.524377] pci 0000:04:01.0: [8086:3514] type 01 class 0x060400
Dec 28 12:57:21 debian kernel: [    0.524443] pci 0000:04:01.0: PME# supported from D0 D3hot D3cold
Dec 28 12:57:21 debian kernel: [    0.524516] pci 0000:04:01.0: System wakeup disabled by ACPI
Dec 28 12:57:21 debian kernel: [    0.524582] pci 0000:03:00.0: PCI bridge to [bus 04-06]
Dec 28 12:57:21 debian kernel: [    0.524632] pci 0000:04:00.0: PCI bridge to [bus 05]
Dec 28 12:57:21 debian kernel: [    0.524684] pci 0000:04:01.0: PCI bridge to [bus 06]
Dec 28 12:57:21 debian kernel: [    0.524769] pci 0000:03:00.3: PCI bridge to [bus 07]
Dec 28 12:57:21 debian kernel: [    0.524846] pci 0000:08:00.0: [14e4:167a] type 00 class 0x020000
Dec 28 12:57:21 debian kernel: [    0.524870] pci 0000:08:00.0: reg 0x10: [mem 0xf7ef0000-0xf7efffff 64bit]
Dec 28 12:57:21 debian kernel: [    0.525004] pci 0000:08:00.0: PME# supported from D3hot D3cold
Dec 28 12:57:21 debian kernel: [    0.536016] pci 0000:00:1c.0: PCI bridge to [bus 08]
Dec 28 12:57:21 debian kernel: [    0.536021] pci 0000:00:1c.0:   bridge window [mem 0xf7e00000-0xf7efffff]
Dec 28 12:57:21 debian kernel: [    0.536126] pci 0000:00:1e.0: PCI bridge to [bus 09] (subtractive decode)
Dec 28 12:57:21 debian kernel: [    0.536136] pci 0000:00:1e.0:   bridge window [io  0x0000-0x0cf7 window] (subtractive decode)
Dec 28 12:57:21 debian kernel: [    0.536138] pci 0000:00:1e.0:   bridge window [io  0x0d00-0xffff window] (subtractive decode)
Dec 28 12:57:21 debian kernel: [    0.536141] pci 0000:00:1e.0:   bridge window [mem 0x000a0000-0x000bffff window] (subtractive decode)
Dec 28 12:57:21 debian kernel: [    0.536143] pci 0000:00:1e.0:   bridge window [mem 0x000c0000-0x000effff window] (subtractive decode)
Dec 28 12:57:21 debian kernel: [    0.536145] pci 0000:00:1e.0:   bridge window [mem 0x000f0000-0x000fffff window] (subtractive decode)
Dec 28 12:57:21 debian kernel: [    0.536147] pci 0000:00:1e.0:   bridge window [mem 0xf0000000-0xfe000000 window] (subtractive decode)
Dec 28 12:57:21 debian kernel: [    0.536149] pci 0000:00:1e.0:   bridge window [mem 0xcff00000-0xdfffffff window] (subtractive decode)
Dec 28 12:57:21 debian kernel: [    0.536151] pci 0000:00:1e.0:   bridge window [mem 0xff980800-0xff980bff window] (subtractive decode)
Dec 28 12:57:21 debian kernel: [    0.536153] pci 0000:00:1e.0:   bridge window [mem 0xff97c000-0xff97ffff window] (subtractive decode)
Dec 28 12:57:21 debian kernel: [    0.536155] pci 0000:00:1e.0:   bridge window [mem 0xfed20000-0xfed9ffff window] (subtractive decode)
Dec 28 12:57:21 debian kernel: [    0.567897] ACPI: PCI Interrupt Link [LNKA] (IRQs 3 4 5 6 7 9 10 *11 12 15)
Dec 28 12:57:21 debian kernel: [    0.568260] ACPI: PCI Interrupt Link [LNKB] (IRQs 3 4 *5 6 7 9 10 11 12 15)
Dec 28 12:57:21 debian kernel: [    0.568618] ACPI: PCI Interrupt Link [LNKC] (IRQs 3 4 *5 6 7 9 10 11 12 15)
Dec 28 12:57:21 debian kernel: [    0.568976] ACPI: PCI Interrupt Link [LNKD] (IRQs 3 4 5 6 7 9 10 11 12 15) *0, disabled.
Dec 28 12:57:21 debian kernel: [    0.569334] ACPI: PCI Interrupt Link [LNKE] (IRQs 3 4 5 6 7 *9 10 11 12 15)
Dec 28 12:57:21 debian kernel: [    0.569683] ACPI: PCI Interrupt Link [LNKF] (IRQs 3 4 5 6 7 9 *10 11 12 15)
Dec 28 12:57:21 debian kernel: [    0.570032] ACPI: PCI Interrupt Link [LNKG] (IRQs 3 4 5 6 7 *9 10 11 12 15)
Dec 28 12:57:21 debian kernel: [    0.570381] ACPI: PCI Interrupt Link [LNKH] (IRQs 3 4 5 6 7 9 *10 11 12 15)
Dec 28 12:57:21 debian kernel: [    0.570683] ACPI: Enabled 2 GPEs in block 00 to 1F
Dec 28 12:57:21 debian kernel: [    0.572065] vgaarb: setting as boot device: PCI:0000:02:00.0
Dec 28 12:57:21 debian kernel: [    0.572068] vgaarb: device added: PCI:0000:02:00.0,decodes=io+mem,owns=io+mem,locks=none
Dec 28 12:57:21 debian kernel: [    0.572072] vgaarb: loaded
Dec 28 12:57:21 debian kernel: [    0.572073] vgaarb: bridge control possible 0000:02:00.0
Dec 28 12:57:21 debian kernel: [    0.572188] PCI: Using ACPI for IRQ routing
Dec 28 12:57:21 debian kernel: [    0.574589] PCI: pci_cache_line_size set to 64 bytes
Dec 28 12:57:21 debian kernel: [    0.574638] pci 0000:00:1f.2: can't claim BAR 5 [mem 0xff970000-0xff9703ff]: no compatible bridge window
Dec 28 12:57:21 debian kernel: [    0.574668] Expanded resource reserved due to conflict with PCI Bus 0000:00
Dec 28 12:57:21 debian kernel: [    0.574670] Expanded resource reserved due to conflict with PCI Bus 0000:00
Dec 28 12:57:21 debian kernel: [    0.574672] e820: reserve RAM buffer [mem 0x0009e400-0x0009ffff]
Dec 28 12:57:21 debian kernel: [    0.574674] e820: reserve RAM buffer [mem 0xcfe0ac00-0xcfffffff]
Dec 28 12:57:21 debian kernel: [    0.576038] HPET: 3 timers in total, 0 timers will be used for per-cpu timer
Dec 28 12:57:21 debian kernel: [    0.576041] hpet0: at MMIO 0xfed00000, IRQs 2, 8, 0
Dec 28 12:57:21 debian kernel: [    0.576047] hpet0: 3 comparators, 64-bit 14.318180 MHz counter
Dec 28 12:57:21 debian kernel: [    0.580071] clocksource: Switched to clocksource hpet
Dec 28 12:57:21 debian kernel: [    0.590154] VFS: Disk quotas dquot_6.6.0
Dec 28 12:57:21 debian kernel: [    0.590215] VFS: Dquot-cache hash table entries: 512 (order 0, 4096 bytes)
Dec 28 12:57:21 debian kernel: [    0.590360] pnp: PnP ACPI init
Dec 28 12:57:21 debian kernel: [    0.593393] system 00:00: [io  0x0800-0x085f] has been reserved
Dec 28 12:57:21 debian kernel: [    0.593395] system 00:00: [io  0x0c00-0x0c7f] has been reserved
Dec 28 12:57:21 debian kernel: [    0.593397] system 00:00: [io  0x0860-0x08ff] has been reserved
Dec 28 12:57:21 debian kernel: [    0.593401] system 00:00: Plug and Play ACPI device, IDs PNP0c01 (active)
Dec 28 12:57:21 debian kernel: [    0.593521] pnp 00:01: Plug and Play ACPI device, IDs PNP0b00 (active)
Dec 28 12:57:21 debian kernel: [    0.596802] pnp 00:02: [dma 2]
Dec 28 12:57:21 debian kernel: [    0.597011] pnp 00:02: Plug and Play ACPI device, IDs PNP0700 (active)
Dec 28 12:57:21 debian kernel: [    0.604695] pnp 00:03: [dma 0 disabled]
Dec 28 12:57:21 debian kernel: [    0.605153] pnp 00:03: Plug and Play ACPI device, IDs PNP0401 (active)
Dec 28 12:57:21 debian kernel: [    0.607994] pnp 00:04: Plug and Play ACPI device, IDs PNP0501 (active)
Dec 28 12:57:21 debian kernel: [    0.610843] pnp 00:05: Plug and Play ACPI device, IDs PNP0501 (active)
Dec 28 12:57:21 debian kernel: [    0.617985] pnp: PnP ACPI: found 6 devices
Dec 28 12:57:21 debian kernel: [    0.624970] clocksource: acpi_pm: mask: 0xffffff max_cycles: 0xffffff, max_idle_ns: 2085701024 ns
Dec 28 12:57:21 debian kernel: [    0.625050] pci 0000:00:1f.2: BAR 5: assigned [mem 0xf0000000-0xf00003ff]
Dec 28 12:57:21 debian kernel: [    0.625055] pci 0000:00:01.0: PCI bridge to [bus 01]
Dec 28 12:57:21 debian kernel: [    0.625060] pci 0000:00:01.0:   bridge window [mem 0xfbe00000-0xfbefffff]
Dec 28 12:57:21 debian kernel: [    0.625065] pci 0000:00:05.0: PCI bridge to [bus 02]
Dec 28 12:57:21 debian kernel: [    0.625066] pci 0000:00:05.0:   bridge window [io  0xd000-0xdfff]
Dec 28 12:57:21 debian kernel: [    0.625069] pci 0000:00:05.0:   bridge window [mem 0xf8000000-0xfbdfffff]
Dec 28 12:57:21 debian kernel: [    0.625072] pci 0000:00:05.0:   bridge window [mem 0xd0000000-0xdfffffff 64bit pref]
Dec 28 12:57:21 debian kernel: [    0.625076] pci 0000:04:00.0: PCI bridge to [bus 05]
Dec 28 12:57:21 debian kernel: [    0.625085] pci 0000:04:01.0: PCI bridge to [bus 06]
Dec 28 12:57:21 debian kernel: [    0.625094] pci 0000:03:00.0: PCI bridge to [bus 04-06]
Dec 28 12:57:21 debian kernel: [    0.625103] pci 0000:03:00.3: PCI bridge to [bus 07]
Dec 28 12:57:21 debian kernel: [    0.625111] pci 0000:00:09.0: PCI bridge to [bus 03-07]
Dec 28 12:57:21 debian kernel: [    0.625114] pci 0000:00:09.0:   bridge window [mem 0xf7f00000-0xf7ffffff]
Dec 28 12:57:21 debian kernel: [    0.625121] pci 0000:00:1c.0: PCI bridge to [bus 08]
Dec 28 12:57:21 debian kernel: [    0.625124] pci 0000:00:1c.0:   bridge window [mem 0xf7e00000-0xf7efffff]
Dec 28 12:57:21 debian kernel: [    0.625131] pci 0000:00:1e.0: PCI bridge to [bus 09]
Dec 28 12:57:21 debian kernel: [    0.625141] pci_bus 0000:00: resource 4 [io  0x0000-0x0cf7 window]
Dec 28 12:57:21 debian kernel: [    0.625142] pci_bus 0000:00: resource 5 [io  0x0d00-0xffff window]
Dec 28 12:57:21 debian kernel: [    0.625143] pci_bus 0000:00: resource 6 [mem 0x000a0000-0x000bffff window]
Dec 28 12:57:21 debian kernel: [    0.625145] pci_bus 0000:00: resource 7 [mem 0x000c0000-0x000effff window]
Dec 28 12:57:21 debian kernel: [    0.625146] pci_bus 0000:00: resource 8 [mem 0x000f0000-0x000fffff window]
Dec 28 12:57:21 debian kernel: [    0.625147] pci_bus 0000:00: resource 9 [mem 0xf0000000-0xfe000000 window]
Dec 28 12:57:21 debian kernel: [    0.625149] pci_bus 0000:00: resource 10 [mem 0xcff00000-0xdfffffff window]
Dec 28 12:57:21 debian kernel: [    0.625150] pci_bus 0000:00: resource 11 [mem 0xff980800-0xff980bff window]
Dec 28 12:57:21 debian kernel: [    0.625151] pci_bus 0000:00: resource 12 [mem 0xff97c000-0xff97ffff window]
Dec 28 12:57:21 debian kernel: [    0.625153] pci_bus 0000:00: resource 13 [mem 0xfed20000-0xfed9ffff window]
Dec 28 12:57:21 debian kernel: [    0.625154] pci_bus 0000:01: resource 1 [mem 0xfbe00000-0xfbefffff]
Dec 28 12:57:21 debian kernel: [    0.625156] pci_bus 0000:02: resource 0 [io  0xd000-0xdfff]
Dec 28 12:57:21 debian kernel: [    0.625157] pci_bus 0000:02: resource 1 [mem 0xf8000000-0xfbdfffff]
Dec 28 12:57:21 debian kernel: [    0.625159] pci_bus 0000:02: resource 2 [mem 0xd0000000-0xdfffffff 64bit pref]
Dec 28 12:57:21 debian kernel: [    0.625160] pci_bus 0000:03: resource 1 [mem 0xf7f00000-0xf7ffffff]
Dec 28 12:57:21 debian kernel: [    0.625162] pci_bus 0000:08: resource 1 [mem 0xf7e00000-0xf7efffff]
Dec 28 12:57:21 debian kernel: [    0.625164] pci_bus 0000:09: resource 4 [io  0x0000-0x0cf7 window]
Dec 28 12:57:21 debian kernel: [    0.625165] pci_bus 0000:09: resource 5 [io  0x0d00-0xffff window]
Dec 28 12:57:21 debian kernel: [    0.625167] pci_bus 0000:09: resource 6 [mem 0x000a0000-0x000bffff window]
Dec 28 12:57:21 debian kernel: [    0.625168] pci_bus 0000:09: resource 7 [mem 0x000c0000-0x000effff window]
Dec 28 12:57:21 debian kernel: [    0.625169] pci_bus 0000:09: resource 8 [mem 0x000f0000-0x000fffff window]
Dec 28 12:57:21 debian kernel: [    0.625171] pci_bus 0000:09: resource 9 [mem 0xf0000000-0xfe000000 window]
Dec 28 12:57:21 debian kernel: [    0.625172] pci_bus 0000:09: resource 10 [mem 0xcff00000-0xdfffffff window]
Dec 28 12:57:21 debian kernel: [    0.625173] pci_bus 0000:09: resource 11 [mem 0xff980800-0xff980bff window]
Dec 28 12:57:21 debian kernel: [    0.625174] pci_bus 0000:09: resource 12 [mem 0xff97c000-0xff97ffff window]
Dec 28 12:57:21 debian kernel: [    0.625176] pci_bus 0000:09: resource 13 [mem 0xfed20000-0xfed9ffff window]
Dec 28 12:57:21 debian kernel: [    0.625357] NET: Registered protocol family 2
Dec 28 12:57:21 debian kernel: [    0.625664] TCP established hash table entries: 131072 (order: 8, 1048576 bytes)
Dec 28 12:57:21 debian kernel: [    0.626065] TCP bind hash table entries: 65536 (order: 8, 1048576 bytes)
Dec 28 12:57:21 debian kernel: [    0.626419] TCP: Hash tables configured (established 131072 bind 65536)
Dec 28 12:57:21 debian kernel: [    0.626460] UDP hash table entries: 8192 (order: 6, 262144 bytes)
Dec 28 12:57:21 debian kernel: [    0.626564] UDP-Lite hash table entries: 8192 (order: 6, 262144 bytes)
Dec 28 12:57:21 debian kernel: [    0.626734] NET: Registered protocol family 1
Dec 28 12:57:21 debian kernel: [    0.629085] pci 0000:00:1f.0: rerouting interrupts for [8086:2670]
Dec 28 12:57:21 debian kernel: [    0.629107] pci 0000:02:00.0: Video device with shadowed ROM at [mem 0x000c0000-0x000dffff]
Dec 28 12:57:21 debian kernel: [    0.629122] PCI: CLS 64 bytes, default 64
Dec 28 12:57:21 debian kernel: [    0.629186] Unpacking initramfs...
Dec 28 12:57:21 debian kernel: [    0.955333] Freeing initrd memory: 17856K
Dec 28 12:57:21 debian kernel: [    0.955457] PCI-DMA: Using software bounce buffering for IO (SWIOTLB)
Dec 28 12:57:21 debian kernel: [    0.955460] software IO TLB [mem 0xcbe0a000-0xcfe0a000] (64MB) mapped at [ffff98684be0a000-ffff98684fe09fff]
Dec 28 12:57:21 debian kernel: [    0.956161] audit: initializing netlink subsys (disabled)
Dec 28 12:57:21 debian kernel: [    0.956190] audit: type=2000 audit(1514433431.956:1): initialized
Dec 28 12:57:21 debian kernel: [    0.956752] workingset: timestamp_bits=40 max_order=22 bucket_order=0
Dec 28 12:57:21 debian kernel: [    0.956923] zbud: loaded
Dec 28 12:57:21 debian kernel: [    0.958180] Block layer SCSI generic (bsg) driver version 0.4 loaded (major 250)
Dec 28 12:57:21 debian kernel: [    0.958241] io scheduler noop registered
Dec 28 12:57:21 debian kernel: [    0.958243] io scheduler deadline registered
Dec 28 12:57:21 debian kernel: [    0.958263] io scheduler cfq registered (default)
Dec 28 12:57:21 debian kernel: [    0.960080] pci_hotplug: PCI Hot Plug PCI Core version: 0.5
Dec 28 12:57:21 debian kernel: [    0.960087] pciehp: PCI Express Hot Plug Controller Driver version: 0.4
Dec 28 12:57:21 debian kernel: [    0.960108] intel_idle: does not run on family 6 model 23
Dec 28 12:57:21 debian kernel: [    0.960421] GHES: HEST is not enabled!
Dec 28 12:57:21 debian kernel: [    0.960505] Serial: 8250/16550 driver, 4 ports, IRQ sharing enabled
Dec 28 12:57:21 debian kernel: [    0.981047] 00:04: ttyS0 at I/O 0x3f8 (irq = 4, base_baud = 115200) is a 16550A
Dec 28 12:57:21 debian kernel: [    1.001541] 00:05: ttyS1 at I/O 0x2f8 (irq = 3, base_baud = 115200) is a 16550A
Dec 28 12:57:21 debian kernel: [    1.002035] Linux agpgart interface v0.103
Dec 28 12:57:21 debian kernel: [    1.002132] AMD IOMMUv2 driver by Joerg Roedel <jroedel@suse.de>
Dec 28 12:57:21 debian kernel: [    1.002133] AMD IOMMUv2 functionality not available on this system
Dec 28 12:57:21 debian kernel: [    1.002856] i8042: PNP: No PS/2 controller found. Probing ports directly.
Dec 28 12:57:21 debian kernel: [    1.005757] serio: i8042 KBD port at 0x60,0x64 irq 1
Dec 28 12:57:21 debian kernel: [    1.005762] serio: i8042 AUX port at 0x60,0x64 irq 12
Dec 28 12:57:21 debian kernel: [    1.005928] mousedev: PS/2 mouse device common for all mice
Dec 28 12:57:21 debian kernel: [    1.005980] rtc_cmos 00:01: RTC can wake from S4
Dec 28 12:57:21 debian kernel: [    1.006105] rtc_cmos 00:01: rtc core: registered rtc_cmos as rtc0
Dec 28 12:57:21 debian kernel: [    1.006129] rtc_cmos 00:01: alarms up to one day, 242 bytes nvram, hpet irqs
Dec 28 12:57:21 debian kernel: [    1.006273] ledtrig-cpu: registered to indicate activity on CPUs
Dec 28 12:57:21 debian kernel: [    1.007186] NET: Registered protocol family 10
Dec 28 12:57:21 debian kernel: [    1.007480] mip6: Mobile IPv6
Dec 28 12:57:21 debian kernel: [    1.007482] NET: Registered protocol family 17
Dec 28 12:57:21 debian kernel: [    1.007486] mpls_gso: MPLS GSO support
Dec 28 12:57:21 debian kernel: [    1.007908] microcode: sig=0x1067a, pf=0x40, revision=0xa07
Dec 28 12:57:21 debian kernel: [    1.008066] microcode: Microcode Update Driver: v2.01 <tigran@aivazian.fsnet.co.uk>, Peter Oruba
Dec 28 12:57:21 debian kernel: [    1.008329] registered taskstats version 1
Dec 28 12:57:21 debian kernel: [    1.008354] zswap: loaded using pool lzo/zbud
Dec 28 12:57:21 debian kernel: [    1.008561] ima: No TPM chip found, activating TPM-bypass!
Dec 28 12:57:21 debian kernel: [    1.008937] rtc_cmos 00:01: setting system clock to 2017-12-28 03:57:12 UTC (1514433432)
Dec 28 12:57:21 debian kernel: [    1.008981] PM: Hibernation image not present or could not be loaded.
Dec 28 12:57:21 debian kernel: [    1.010406] Freeing unused kernel memory: 1396K
Dec 28 12:57:21 debian kernel: [    1.010408] Write protecting the kernel read-only data: 12288k
Dec 28 12:57:21 debian kernel: [    1.011148] Freeing unused kernel memory: 1980K
Dec 28 12:57:21 debian kernel: [    1.014099] Freeing unused kernel memory: 1240K
Dec 28 12:57:21 debian kernel: [    1.019933] x86/mm: Checked W+X mappings: passed, no W+X pages found.
Dec 28 12:57:21 debian kernel: [    1.038235] random: systemd-udevd: uninitialized urandom read (16 bytes read)
Dec 28 12:57:21 debian kernel: [    1.038337] random: systemd-udevd: uninitialized urandom read (16 bytes read)
Dec 28 12:57:21 debian kernel: [    1.038350] random: systemd-udevd: uninitialized urandom read (16 bytes read)
Dec 28 12:57:21 debian kernel: [    1.039476] random: udevadm: uninitialized urandom read (16 bytes read)
Dec 28 12:57:21 debian kernel: [    1.039517] random: udevadm: uninitialized urandom read (16 bytes read)
Dec 28 12:57:21 debian kernel: [    1.040627] random: udevadm: uninitialized urandom read (16 bytes read)
Dec 28 12:57:21 debian kernel: [    1.040694] random: udevadm: uninitialized urandom read (16 bytes read)
Dec 28 12:57:21 debian kernel: [    1.041085] random: udevadm: uninitialized urandom read (16 bytes read)
Dec 28 12:57:21 debian kernel: [    1.041150] random: udevadm: uninitialized urandom read (16 bytes read)
Dec 28 12:57:21 debian kernel: [    1.041215] random: udevadm: uninitialized urandom read (16 bytes read)
Dec 28 12:57:21 debian kernel: [    1.068050] Floppy drive(s): fd0 is 1.44M
Dec 28 12:57:21 debian kernel: [    1.071148] pps_core: LinuxPPS API ver. 1 registered
Dec 28 12:57:21 debian kernel: [    1.071154] pps_core: Software ver. 5.3.6 - Copyright 2005-2007 Rodolfo Giometti <giometti@linux.it>
Dec 28 12:57:21 debian kernel: [    1.071493] PTP clock support registered
Dec 28 12:57:21 debian kernel: [    1.072855] tg3.c:v3.137 (May 11, 2014)
Dec 28 12:57:21 debian kernel: [    1.074060] ACPI: bus type USB registered
Dec 28 12:57:21 debian kernel: [    1.074098] usbcore: registered new interface driver usbfs
Dec 28 12:57:21 debian kernel: [    1.074113] usbcore: registered new interface driver hub
Dec 28 12:57:21 debian kernel: [    1.074153] usbcore: registered new device driver usb
Dec 28 12:57:21 debian kernel: [    1.074449] i801_smbus 0000:00:1f.3: SMBus using PCI interrupt
Dec 28 12:57:21 debian kernel: [    1.074785] SCSI subsystem initialized
Dec 28 12:57:21 debian kernel: [    1.074988] ehci_hcd: USB 2.0 'Enhanced' Host Controller (EHCI) Driver
Dec 28 12:57:21 debian kernel: [    1.075481] uhci_hcd: USB Universal Host Controller Interface driver
Dec 28 12:57:21 debian kernel: [    1.075590] ehci-pci: EHCI PCI platform driver
Dec 28 12:57:21 debian kernel: [    1.075899] uhci_hcd 0000:00:1d.0: UHCI Host Controller
Dec 28 12:57:21 debian kernel: [    1.075906] uhci_hcd 0000:00:1d.0: new USB bus registered, assigned bus number 1
Dec 28 12:57:21 debian kernel: [    1.075914] uhci_hcd 0000:00:1d.0: detected 2 ports
Dec 28 12:57:21 debian kernel: [    1.075945] uhci_hcd 0000:00:1d.0: irq 21, io base 0x0000ff80
Dec 28 12:57:21 debian kernel: [    1.076181] usb usb1: New USB device found, idVendor=1d6b, idProduct=0001
Dec 28 12:57:21 debian kernel: [    1.076183] usb usb1: New USB device strings: Mfr=3, Product=2, SerialNumber=1
Dec 28 12:57:21 debian kernel: [    1.076184] usb usb1: Product: UHCI Host Controller
Dec 28 12:57:21 debian kernel: [    1.076186] usb usb1: Manufacturer: Linux 4.9.0-4-amd64 uhci_hcd
Dec 28 12:57:21 debian kernel: [    1.076187] usb usb1: SerialNumber: 0000:00:1d.0
Dec 28 12:57:21 debian kernel: [    1.076354] hub 1-0:1.0: USB hub found
Dec 28 12:57:21 debian kernel: [    1.076360] hub 1-0:1.0: 2 ports detected
Dec 28 12:57:21 debian kernel: [    1.076795] uhci_hcd 0000:00:1d.1: UHCI Host Controller
Dec 28 12:57:21 debian kernel: [    1.076802] uhci_hcd 0000:00:1d.1: new USB bus registered, assigned bus number 2
Dec 28 12:57:21 debian kernel: [    1.076808] uhci_hcd 0000:00:1d.1: detected 2 ports
Dec 28 12:57:21 debian kernel: [    1.076839] uhci_hcd 0000:00:1d.1: irq 22, io base 0x0000ff60
Dec 28 12:57:21 debian kernel: [    1.076891] usb usb2: New USB device found, idVendor=1d6b, idProduct=0001
Dec 28 12:57:21 debian kernel: [    1.076893] usb usb2: New USB device strings: Mfr=3, Product=2, SerialNumber=1
Dec 28 12:57:21 debian kernel: [    1.076894] usb usb2: Product: UHCI Host Controller
Dec 28 12:57:21 debian kernel: [    1.076895] usb usb2: Manufacturer: Linux 4.9.0-4-amd64 uhci_hcd
Dec 28 12:57:21 debian kernel: [    1.076896] usb usb2: SerialNumber: 0000:00:1d.1
Dec 28 12:57:21 debian kernel: [    1.076956] libata version 3.00 loaded.
Dec 28 12:57:21 debian kernel: [    1.077064] hub 2-0:1.0: USB hub found
Dec 28 12:57:21 debian kernel: [    1.077071] hub 2-0:1.0: 2 ports detected
Dec 28 12:57:21 debian kernel: [    1.077434] uhci_hcd 0000:00:1d.2: UHCI Host Controller
Dec 28 12:57:21 debian kernel: [    1.077439] uhci_hcd 0000:00:1d.2: new USB bus registered, assigned bus number 3
Dec 28 12:57:21 debian kernel: [    1.077445] uhci_hcd 0000:00:1d.2: detected 2 ports
Dec 28 12:57:21 debian kernel: [    1.077469] uhci_hcd 0000:00:1d.2: irq 18, io base 0x0000ff40
Dec 28 12:57:21 debian kernel: [    1.077533] usb usb3: New USB device found, idVendor=1d6b, idProduct=0001
Dec 28 12:57:21 debian kernel: [    1.077534] usb usb3: New USB device strings: Mfr=3, Product=2, SerialNumber=1
Dec 28 12:57:21 debian kernel: [    1.077536] usb usb3: Product: UHCI Host Controller
Dec 28 12:57:21 debian kernel: [    1.077537] usb usb3: Manufacturer: Linux 4.9.0-4-amd64 uhci_hcd
Dec 28 12:57:21 debian kernel: [    1.077538] usb usb3: SerialNumber: 0000:00:1d.2
Dec 28 12:57:21 debian kernel: [    1.077748] hub 3-0:1.0: USB hub found
Dec 28 12:57:21 debian kernel: [    1.077754] hub 3-0:1.0: 2 ports detected
Dec 28 12:57:21 debian kernel: [    1.078119] uhci_hcd 0000:00:1d.3: UHCI Host Controller
Dec 28 12:57:21 debian kernel: [    1.078123] uhci_hcd 0000:00:1d.3: new USB bus registered, assigned bus number 4
Dec 28 12:57:21 debian kernel: [    1.078128] uhci_hcd 0000:00:1d.3: detected 2 ports
Dec 28 12:57:21 debian kernel: [    1.078150] uhci_hcd 0000:00:1d.3: irq 23, io base 0x0000ff20
Dec 28 12:57:21 debian kernel: [    1.078203] usb usb4: New USB device found, idVendor=1d6b, idProduct=0001
Dec 28 12:57:21 debian kernel: [    1.078205] usb usb4: New USB device strings: Mfr=3, Product=2, SerialNumber=1
Dec 28 12:57:21 debian kernel: [    1.078206] usb usb4: Product: UHCI Host Controller
Dec 28 12:57:21 debian kernel: [    1.078207] usb usb4: Manufacturer: Linux 4.9.0-4-amd64 uhci_hcd
Dec 28 12:57:21 debian kernel: [    1.078209] usb usb4: SerialNumber: 0000:00:1d.3
Dec 28 12:57:21 debian kernel: [    1.078341] hub 4-0:1.0: USB hub found
Dec 28 12:57:21 debian kernel: [    1.078347] hub 4-0:1.0: 2 ports detected
Dec 28 12:57:21 debian kernel: [    1.079380] ehci-pci 0000:00:1d.7: EHCI Host Controller
Dec 28 12:57:21 debian kernel: [    1.079390] ehci-pci 0000:00:1d.7: new USB bus registered, assigned bus number 5
Dec 28 12:57:21 debian kernel: [    1.079401] ehci-pci 0000:00:1d.7: debug port 1
Dec 28 12:57:21 debian kernel: [    1.083304] ehci-pci 0000:00:1d.7: cache line size of 64 is not supported
Dec 28 12:57:21 debian kernel: [    1.083311] ehci-pci 0000:00:1d.7: irq 21, io mem 0xff980800
Dec 28 12:57:21 debian kernel: [    1.090374] tg3 0000:08:00.0 eth0: Tigon3 [partno(BCM95754) rev b002] (PCI Express) MAC address 00:23:ae:97:00:b9
Dec 28 12:57:21 debian kernel: [    1.090377] tg3 0000:08:00.0 eth0: attached PHY is 5787 (10/100/1000Base-T Ethernet) (WireSpeed[1], EEE[0])
Dec 28 12:57:21 debian kernel: [    1.090378] tg3 0000:08:00.0 eth0: RXcsums[1] LinkChgREG[0] MIirq[0] ASF[0] TSOcap[1]
Dec 28 12:57:21 debian kernel: [    1.090380] tg3 0000:08:00.0 eth0: dma_rwctrl[76180000] dma_mask[64-bit]
Dec 28 12:57:21 debian kernel: [    1.093816] tg3 0000:08:00.0 enp8s0: renamed from eth0
Dec 28 12:57:21 debian kernel: [    1.094185] FDC 0 is a post-1991 82077
Dec 28 12:57:21 debian kernel: [    1.096028] ehci-pci 0000:00:1d.7: USB 2.0 started, EHCI 1.00
Dec 28 12:57:21 debian kernel: [    1.096090] usb usb5: New USB device found, idVendor=1d6b, idProduct=0002
Dec 28 12:57:21 debian kernel: [    1.096092] usb usb5: New USB device strings: Mfr=3, Product=2, SerialNumber=1
Dec 28 12:57:21 debian kernel: [    1.096094] usb usb5: Product: EHCI Host Controller
Dec 28 12:57:21 debian kernel: [    1.096096] usb usb5: Manufacturer: Linux 4.9.0-4-amd64 ehci_hcd
Dec 28 12:57:21 debian kernel: [    1.096097] usb usb5: SerialNumber: 0000:00:1d.7
Dec 28 12:57:21 debian kernel: [    1.096299] hub 5-0:1.0: USB hub found
Dec 28 12:57:21 debian kernel: [    1.096308] hub 5-0:1.0: 8 ports detected
Dec 28 12:57:21 debian kernel: [    1.128075] hub 1-0:1.0: USB hub found
Dec 28 12:57:21 debian kernel: [    1.128083] hub 1-0:1.0: 2 ports detected
Dec 28 12:57:21 debian kernel: [    1.160074] hub 2-0:1.0: USB hub found
Dec 28 12:57:21 debian kernel: [    1.160082] hub 2-0:1.0: 2 ports detected
Dec 28 12:57:21 debian kernel: [    1.188077] hub 3-0:1.0: USB hub found
Dec 28 12:57:21 debian kernel: [    1.188085] hub 3-0:1.0: 2 ports detected
Dec 28 12:57:21 debian kernel: [    1.216074] hub 4-0:1.0: USB hub found
Dec 28 12:57:21 debian kernel: [    1.216081] hub 4-0:1.0: 2 ports detected
Dec 28 12:57:21 debian kernel: [    1.216216] ata_piix 0000:00:1f.1: version 2.13
Dec 28 12:57:21 debian kernel: [    1.217027] scsi host0: ata_piix
Dec 28 12:57:21 debian kernel: [    1.217154] scsi host1: ata_piix
Dec 28 12:57:21 debian kernel: [    1.217205] ata1: PATA max UDMA/100 cmd 0x1f0 ctl 0x3f6 bmdma 0xffa0 irq 14
Dec 28 12:57:21 debian kernel: [    1.217206] ata2: PATA max UDMA/100 cmd 0x170 ctl 0x376 bmdma 0xffa8 irq 15
Dec 28 12:57:21 debian kernel: [    1.217243] ahci 0000:00:1f.2: version 3.0
Dec 28 12:57:21 debian kernel: [    1.217321] ata2: port disabled--ignoring
Dec 28 12:57:21 debian kernel: [    1.217579] ahci 0000:00:1f.2: AHCI 0001.0100 32 slots 6 ports 3 Gbps 0x1f impl SATA mode
Dec 28 12:57:21 debian kernel: [    1.217581] ahci 0000:00:1f.2: flags: 64bit ncq pm led slum part
Dec 28 12:57:21 debian kernel: [    1.218359] ata1: port disabled--ignoring
Dec 28 12:57:21 debian kernel: [    1.218426] scsi host2: ahci
Dec 28 12:57:21 debian kernel: [    1.218598] scsi host3: ahci
Dec 28 12:57:21 debian kernel: [    1.218769] scsi host4: ahci
Dec 28 12:57:21 debian kernel: [    1.218948] scsi host5: ahci
Dec 28 12:57:21 debian kernel: [    1.219117] scsi host6: ahci
Dec 28 12:57:21 debian kernel: [    1.219289] scsi host7: ahci
Dec 28 12:57:21 debian kernel: [    1.219362] ata3: SATA max UDMA/133 abar m1024@0xf0000000 port 0xf0000100 irq 20
Dec 28 12:57:21 debian kernel: [    1.219364] ata4: SATA max UDMA/133 abar m1024@0xf0000000 port 0xf0000180 irq 20
Dec 28 12:57:21 debian kernel: [    1.219366] ata5: SATA max UDMA/133 abar m1024@0xf0000000 port 0xf0000200 irq 20
Dec 28 12:57:21 debian kernel: [    1.219367] ata6: SATA max UDMA/133 abar m1024@0xf0000000 port 0xf0000280 irq 20
Dec 28 12:57:21 debian kernel: [    1.219369] ata7: SATA max UDMA/133 abar m1024@0xf0000000 port 0xf0000300 irq 20
Dec 28 12:57:21 debian kernel: [    1.219370] ata8: DUMMY
Dec 28 12:57:21 debian kernel: [    1.534157] ata6: SATA link down (SStatus 0 SControl 300)
Dec 28 12:57:21 debian kernel: [    1.534173] ata7: SATA link down (SStatus 4 SControl 300)
Dec 28 12:57:21 debian kernel: [    1.534262] ata4: SATA link down (SStatus 0 SControl 300)
Dec 28 12:57:21 debian kernel: [    1.534280] ata5: SATA link up 1.5 Gbps (SStatus 113 SControl 300)
Dec 28 12:57:21 debian kernel: [    1.534299] ata3: SATA link up 3.0 Gbps (SStatus 123 SControl 300)
Dec 28 12:57:21 debian kernel: [    1.534770] ata5.00: ATAPI: TSSTcorp DVD+/-RW TS-H653G, D200, max UDMA/100
Dec 28 12:57:21 debian kernel: [    1.534772] ata5.00: applying bridge limits
Dec 28 12:57:21 debian kernel: [    1.535050] ata3.00: ATA-8: WDC WD2500AAJS-75M0A0, 01.03E01, max UDMA/133
Dec 28 12:57:21 debian kernel: [    1.535053] ata3.00: 488281250 sectors, multi 0: LBA48 NCQ (depth 31/32), AA
Dec 28 12:57:21 debian kernel: [    1.535468] ata5.00: configured for UDMA/100
Dec 28 12:57:21 debian kernel: [    1.535877] ata3.00: configured for UDMA/133
Dec 28 12:57:21 debian kernel: [    1.536200] scsi 2:0:0:0: Direct-Access     ATA      WDC WD2500AAJS-7 3E01 PQ: 0 ANSI: 5
Dec 28 12:57:21 debian kernel: [    1.568889] scsi 4:0:0:0: CD-ROM            TSSTcorp DVD+-RW TS-H653G D200 PQ: 0 ANSI: 5
Dec 28 12:57:21 debian kernel: [    1.584102] sd 2:0:0:0: [sda] 488281250 512-byte logical blocks: (250 GB/233 GiB)
Dec 28 12:57:21 debian kernel: [    1.584195] sd 2:0:0:0: [sda] Write Protect is off
Dec 28 12:57:21 debian kernel: [    1.584197] sd 2:0:0:0: [sda] Mode Sense: 00 3a 00 00
Dec 28 12:57:21 debian kernel: [    1.584219] sd 2:0:0:0: [sda] Write cache: enabled, read cache: enabled, doesn't support DPO or FUA
Dec 28 12:57:21 debian kernel: [    1.601812] sr 4:0:0:0: [sr0] scsi3-mmc drive: 48x/48x writer dvd-ram cd/rw xa/form2 cdda tray
Dec 28 12:57:21 debian kernel: [    1.601814] cdrom: Uniform CD-ROM driver Revision: 3.20
Dec 28 12:57:21 debian kernel: [    1.601996] sr 4:0:0:0: Attached scsi CD-ROM sr0
Dec 28 12:57:21 debian kernel: [    1.631395]  sda: sda1 sda2 < sda5 >
Dec 28 12:57:21 debian kernel: [    1.631820] sd 2:0:0:0: [sda] Attached SCSI disk
Dec 28 12:57:21 debian kernel: [    1.980018] tsc: Refined TSC clocksource calibration: 2659.999 MHz
Dec 28 12:57:21 debian kernel: [    1.980025] clocksource: tsc: mask: 0xffffffffffffffff max_cycles: 0x2657a34898c, max_idle_ns: 440795323804 ns
Dec 28 12:57:21 debian kernel: [    2.002863] PM: Starting manual resume from disk
Dec 28 12:57:21 debian kernel: [    2.002868] PM: Hibernation image partition 8:5 present
Dec 28 12:57:21 debian kernel: [    2.002869] PM: Looking for hibernation image.
Dec 28 12:57:21 debian kernel: [    2.003073] PM: Image not found (code -22)
Dec 28 12:57:21 debian kernel: [    2.003074] PM: Hibernation image not present or could not be loaded.
Dec 28 12:57:21 debian kernel: [    2.298741] EXT4-fs (sda1): mounted filesystem with ordered data mode. Opts: (null)
Dec 28 12:57:21 debian kernel: [    2.810019] random: fast init done
Dec 28 12:57:21 debian kernel: [    3.004095] clocksource: Switched to clocksource tsc
Dec 28 12:57:21 debian kernel: [    3.452076] ip_tables: (C) 2000-2006 Netfilter Core Team
Dec 28 12:57:21 debian kernel: [    4.712955] random: crng init done
Dec 28 12:57:21 debian kernel: [    5.564816] EXT4-fs (sda1): re-mounted. Opts: errors=remount-ro
Dec 28 12:57:21 debian kernel: [    7.113693] i5k_amb: probe of i5k_amb.0 failed with error -16
Dec 28 12:57:21 debian kernel: [    7.149978] sd 2:0:0:0: Attached scsi generic sg0 type 0
Dec 28 12:57:21 debian kernel: [    7.150046] sr 4:0:0:0: Attached scsi generic sg1 type 5
Dec 28 12:57:21 debian kernel: [    7.159481] shpchp: Standard Hot Plug PCI Controller Driver version: 0.4
Dec 28 12:57:21 debian kernel: [    7.260172] EDAC MC: Ver: 3.0.0
Dec 28 12:57:21 debian kernel: [    7.269378] EDAC MC0: Giving out device to module i5400_edac.c controller I5400: DEV 0000:00:10.0 (POLLED)
Dec 28 12:57:21 debian kernel: [    7.269391] EDAC PCI0: Giving out device to module i5400_edac controller EDAC PCI controller: DEV 0000:00:10.0 (POLLED)
Dec 28 12:57:21 debian kernel: [    7.290050] input: PC Speaker as /devices/platform/pcspkr/input/input3
Dec 28 12:57:21 debian kernel: [    7.391126] [drm] Initialized
Dec 28 12:57:21 debian kernel: [    7.423161] input: Power Button as /devices/LNXSYSTM:00/LNXSYBUS:00/PNP0C0C:00/input/input4
Dec 28 12:57:21 debian kernel: [    7.423167] ACPI: Power Button [VBTN]
Dec 28 12:57:21 debian kernel: [    7.423253] input: Power Button as /devices/LNXSYSTM:00/LNXPWRBN:00/input/input5
Dec 28 12:57:21 debian kernel: [    7.423255] ACPI: Power Button [PWRF]
Dec 28 12:57:21 debian kernel: [    7.525563] intel_rng: Firmware space is locked read-only. If you can't or
Dec 28 12:57:21 debian kernel: [    7.525563] intel_rng: don't want to disable this in firmware setup, and if
Dec 28 12:57:21 debian kernel: [    7.525563] intel_rng: you are certain that your system has a functional
Dec 28 12:57:21 debian kernel: [    7.525563] intel_rng: RNG, try using the 'no_fwh_detect' option.
Dec 28 12:57:21 debian kernel: [    7.582651] parport_pc 00:03: reported by Plug and Play ACPI
Dec 28 12:57:21 debian kernel: [    7.582716] parport0: PC-style at 0x378 (0x778), irq 7 [PCSPP,TRISTATE,EPP]
Dec 28 12:57:21 debian kernel: [    7.618307] ppdev: user-space parallel port driver
Dec 28 12:57:21 debian kernel: [    7.647514] dcdbas dcdbas: Dell Systems Management Base Driver (version 5.6.0-3.2)
Dec 28 12:57:21 debian kernel: [    7.816244] wmi: Mapper loaded
Dec 28 12:57:21 debian kernel: [    7.958759] ACPI Warning: SystemIO range 0x0000000000000828-0x000000000000082F conflicts with OpRegion 0x0000000000000828-0x000000000000082D (\GLBC) (20160831/utaddress-247)
Dec 28 12:57:21 debian kernel: [    7.958766] ACPI Warning: SystemIO range 0x0000000000000828-0x000000000000082F conflicts with OpRegion 0x000000000000082A-0x000000000000082A (\SACT) (20160831/utaddress-247)
Dec 28 12:57:21 debian kernel: [    7.958770] ACPI Warning: SystemIO range 0x0000000000000828-0x000000000000082F conflicts with OpRegion 0x0000000000000828-0x0000000000000828 (\SSTS) (20160831/utaddress-247)
Dec 28 12:57:21 debian kernel: [    7.958773] ACPI: If an ACPI driver is available for this device, you should use it instead of the native driver
Dec 28 12:57:21 debian kernel: [    7.958806] lpc_ich: Resource conflict(s) found affecting gpio_ich
Dec 28 12:57:21 debian kernel: [    8.287169] iTCO_vendor_support: vendor-support=0
Dec 28 12:57:21 debian kernel: [    8.348787] nouveau 0000:02:00.0: NVIDIA G86 (086f00a2)
Dec 28 12:57:21 debian kernel: [    8.453610] nouveau 0000:02:00.0: bios: version 60.86.6c.00.21
Dec 28 12:57:21 debian kernel: [    8.453918] iTCO_wdt: Intel TCO WatchDog Timer Driver v1.11
Dec 28 12:57:21 debian kernel: [    8.453958] iTCO_wdt: unable to reset NO_REBOOT flag, device disabled by hardware/BIOS
Dec 28 12:57:21 debian kernel: [    8.475164] nouveau 0000:02:00.0: bios: M0203T not found
Dec 28 12:57:21 debian kernel: [    8.475167] nouveau 0000:02:00.0: bios: M0203E not matched!
Dec 28 12:57:21 debian kernel: [    8.475169] nouveau 0000:02:00.0: fb: 256 MiB DDR2
Dec 28 12:57:21 debian kernel: [    8.651026] Adding 12579836k swap on /dev/sda5.  Priority:-1 extents:1 across:12579836k FS
Dec 28 12:57:21 debian kernel: [    9.058491] intel_powerclamp: No package C-state available
Dec 28 12:57:21 debian kernel: [    9.128413] intel_powerclamp: No package C-state available
Dec 28 12:57:21 debian kernel: [    9.188396] intel_powerclamp: No package C-state available
Dec 28 12:57:21 debian kernel: [    9.256288] intel_powerclamp: No package C-state available
Dec 28 12:57:21 debian kernel: [    9.332429] intel_powerclamp: No package C-state available
Dec 28 12:57:21 debian kernel: [    9.549128] snd_hda_codec_analog hdaudioC0D0: autoconfig for AD1984: line_outs=1 (0x12/0x0/0x0/0x0/0x0) type:line
Dec 28 12:57:21 debian kernel: [    9.549131] snd_hda_codec_analog hdaudioC0D0:    speaker_outs=1 (0x13/0x0/0x0/0x0/0x0)
Dec 28 12:57:21 debian kernel: [    9.549132] snd_hda_codec_analog hdaudioC0D0:    hp_outs=1 (0x11/0x0/0x0/0x0/0x0)
Dec 28 12:57:21 debian kernel: [    9.549134] snd_hda_codec_analog hdaudioC0D0:    mono: mono_out=0x0
Dec 28 12:57:21 debian kernel: [    9.549135] snd_hda_codec_analog hdaudioC0D0:    inputs:
Dec 28 12:57:21 debian kernel: [    9.549137] snd_hda_codec_analog hdaudioC0D0:      Mic=0x14
Dec 28 12:57:21 debian kernel: [    9.549138] snd_hda_codec_analog hdaudioC0D0:      Line=0x15
Dec 28 12:57:21 debian kernel: [    9.559286] input: HDA Digital PCBeep as /devices/pci0000:00/0000:00:1b.0/sound/card0/input6
Dec 28 12:57:21 debian kernel: [    9.559576] input: HDA Intel Mic as /devices/pci0000:00/0000:00:1b.0/sound/card0/input7
Dec 28 12:57:21 debian kernel: [    9.560245] input: HDA Intel Line as /devices/pci0000:00/0000:00:1b.0/sound/card0/input8
Dec 28 12:57:21 debian kernel: [    9.560523] input: HDA Intel Line Out as /devices/pci0000:00/0000:00:1b.0/sound/card0/input9
Dec 28 12:57:21 debian kernel: [    9.560800] input: HDA Intel Front Headphone as /devices/pci0000:00/0000:00:1b.0/sound/card0/input10
Dec 28 12:57:21 debian kernel: [    9.776136] [TTM] Zone  kernel: Available graphics memory: 6152844 kiB
Dec 28 12:57:21 debian kernel: [    9.776137] [TTM] Zone   dma32: Available graphics memory: 2097152 kiB
Dec 28 12:57:21 debian kernel: [    9.776139] [TTM] Initializing pool allocator
Dec 28 12:57:21 debian kernel: [    9.776155] [TTM] Initializing DMA pool allocator
Dec 28 12:57:21 debian kernel: [    9.776197] nouveau 0000:02:00.0: DRM: VRAM: 256 MiB
Dec 28 12:57:21 debian kernel: [    9.776199] nouveau 0000:02:00.0: DRM: GART: 1048576 MiB
Dec 28 12:57:21 debian kernel: [    9.776204] nouveau 0000:02:00.0: DRM: TMDS table version 2.0
Dec 28 12:57:21 debian kernel: [    9.776206] nouveau 0000:02:00.0: DRM: DCB version 4.0
Dec 28 12:57:21 debian kernel: [    9.776208] nouveau 0000:02:00.0: DRM: DCB outp 00: 02011300 00000028
Dec 28 12:57:21 debian kernel: [    9.776211] nouveau 0000:02:00.0: DRM: DCB outp 01: 01011302 00000010
Dec 28 12:57:21 debian kernel: [    9.776213] nouveau 0000:02:00.0: DRM: DCB outp 02: 01000310 00000028
Dec 28 12:57:21 debian kernel: [    9.776214] nouveau 0000:02:00.0: DRM: DCB outp 03: 02000312 00000010
Dec 28 12:57:21 debian kernel: [    9.776216] nouveau 0000:02:00.0: DRM: DCB conn 00: 2030
Dec 28 12:57:21 debian kernel: [    9.776217] nouveau 0000:02:00.0: DRM: DCB conn 01: 1130
Dec 28 12:57:21 debian kernel: [    9.785804] [drm] Supports vblank timestamp caching Rev 2 (21.10.2013).
Dec 28 12:57:21 debian kernel: [    9.785805] [drm] Driver supports precise vblank timestamp query.
Dec 28 12:57:21 debian kernel: [    9.803146] nouveau 0000:02:00.0: DRM: MM: using CRYPT for buffer copies
Dec 28 12:57:21 debian kernel: [    9.846225] nouveau 0000:02:00.0: No connectors reported connected with modes
Dec 28 12:57:21 debian kernel: [    9.846250] [drm] Cannot find any crtc or sizes - going 1024x768
Dec 28 12:57:21 debian kernel: [    9.850314] nouveau 0000:02:00.0: DRM: allocated 1024x768 fb: 0x50000, bo ffff986a9f42b400
Dec 28 12:57:21 debian kernel: [    9.850389] fbcon: nouveaufb (fb0) is primary device
Dec 28 12:57:21 debian kernel: [    9.876055] Console: switching to colour frame buffer device 128x48
Dec 28 12:57:21 debian kernel: [    9.877116] nouveau 0000:02:00.0: fb0: nouveaufb frame buffer device
Dec 28 12:57:21 debian kernel: [    9.904021] [drm] Initialized nouveau 1.3.1 20120801 for 0000:02:00.0 on minor 0
Dec 28 12:57:21 debian kernel: [   10.308112] IPv6: ADDRCONF(NETDEV_UP): enp8s0: link is not ready
Dec 28 12:57:22 debian systemd[1]: Started LSB: Start/stop sysstat's sadc.
Dec 28 12:57:22 debian speech-dispatcher[391]: speech-dispatcher disabled; edit /etc/default/speech-dispatcher.
Dec 28 12:57:22 debian systemd[1]: Started LSB: Speech Dispatcher.
Dec 28 12:57:22 debian avahi-daemon[393]: Found user 'avahi' (UID 114) and group 'avahi' (GID 119).
Dec 28 12:57:22 debian avahi-daemon[393]: Successfully dropped root privileges.
Dec 28 12:57:22 debian avahi-daemon[393]: avahi-daemon 0.6.32 starting up.
Dec 28 12:57:22 debian systemd[1]: Started Avahi mDNS/DNS-SD Stack.
Dec 28 12:57:22 debian avahi-daemon[393]: Successfully called chroot().
Dec 28 12:57:22 debian avahi-daemon[393]: Successfully dropped remaining capabilities.
Dec 28 12:57:22 debian avahi-daemon[393]: No service file found in /etc/avahi/services.
Dec 28 12:57:23 debian avahi-daemon[393]: Joining mDNS multicast group on interface enp8s0.IPv4 with address 192.168.11.4.
Dec 28 12:57:23 debian avahi-daemon[393]: New relevant interface enp8s0.IPv4 for mDNS.
Dec 28 12:57:23 debian avahi-daemon[393]: Network interface enumeration completed.
Dec 28 12:57:23 debian avahi-daemon[393]: Registering new address record for 192.168.11.4 on enp8s0.IPv4.
Dec 28 12:57:23 debian avahi-daemon[393]: Server startup complete. Host name is debian.local. Local service cookie is 830181822.
Dec 28 12:57:23 debian systemd[1]: Started Save/Restore Sound Card State.
Dec 28 12:57:23 debian ModemManager[390]: <info>  ModemManager (version 1.6.4) starting in system bus...
Dec 28 12:57:24 debian systemd-udevd[312]: Process '/usr/sbin/alsactl -E HOME=/run/alsa restore 0' failed with exit code 99.
Dec 28 12:57:24 debian dbus[379]: [system] Activating via systemd: service name='org.freedesktop.PolicyKit1' unit='polkit.service'
Dec 28 12:57:24 debian systemd[1]: Starting Authorization Manager...
Dec 28 12:57:25 debian kernel: [   14.058732] tg3 0000:08:00.0 enp8s0: Link is up at 1000 Mbps, full duplex
Dec 28 12:57:25 debian kernel: [   14.058743] tg3 0000:08:00.0 enp8s0: Flow control is on for TX and on for RX
Dec 28 12:57:25 debian kernel: [   14.058765] IPv6: ADDRCONF(NETDEV_CHANGE): enp8s0: link becomes ready
Dec 28 12:57:25 debian NetworkManager[389]: <info>  [1514433445.8625] NetworkManager (version 1.6.2) is starting...
Dec 28 12:57:25 debian NetworkManager[389]: <info>  [1514433445.8626] Read config: /etc/NetworkManager/NetworkManager.conf
Dec 28 12:57:25 debian polkitd[464]: started daemon version 0.105 using authority implementation `local' version `0.105'
Dec 28 12:57:25 debian dbus[379]: [system] Successfully activated service 'org.freedesktop.PolicyKit1'
Dec 28 12:57:25 debian systemd[1]: Started Authorization Manager.
Dec 28 12:57:25 debian accounts-daemon[375]: started daemon version 0.6.43
Dec 28 12:57:25 debian systemd[1]: Started Accounts Service.
Dec 28 12:57:26 debian NetworkManager[389]: <info>  [1514433446.0335] manager[0x55ed8be35040]: monitoring kernel firmware directory '/lib/firmware'.
Dec 28 12:57:26 debian NetworkManager[389]: <info>  [1514433446.0335] monitoring ifupdown state file '/run/network/ifstate'.
Dec 28 12:57:26 debian NetworkManager[389]: <info>  [1514433446.0360] dns-mgr[0x55ed8be1d180]: init: dns=default, rc-manager=resolvconf
Dec 28 12:57:26 debian systemd[1]: Started Network Manager.
Dec 28 12:57:26 debian systemd[1]: Starting Network Manager Wait Online...
Dec 28 12:57:26 debian dbus[379]: [system] Activating via systemd: service name='org.freedesktop.nm_dispatcher' unit='dbus-org.freedesktop.nm-dispatcher.service'
Dec 28 12:57:26 debian systemd[1]: Started Modem Manager.
Dec 28 12:57:26 debian systemd[1]: Starting Network Manager Script Dispatcher Service...
Dec 28 12:57:26 debian dbus[379]: [system] Successfully activated service 'org.freedesktop.nm_dispatcher'
Dec 28 12:57:26 debian systemd[1]: Started Network Manager Script Dispatcher Service.
Dec 28 12:57:26 debian NetworkManager[389]: <info>  [1514433446.4018] init!
Dec 28 12:57:26 debian NetworkManager[389]: <info>  [1514433446.4024] guessed connection type (eth0) = 802-3-ethernet
Dec 28 12:57:26 debian NetworkManager[389]: <info>  [1514433446.4025] update_connection_setting_from_if_block: name:eth0, type:802-3-ethernet, id:Ifupdown (eth0), uuid: 681b428f-beaf-8932-dce4-687ed5bae28e
Dec 28 12:57:26 debian NetworkManager[389]: <info>  [1514433446.4026] adding eth0 to connections
Dec 28 12:57:26 debian NetworkManager[389]: <info>  [1514433446.4026] adding iface eth0 to eni_ifaces
Dec 28 12:57:26 debian NetworkManager[389]: <info>  [1514433446.4027] guessed connection type (enp8s0) = 802-3-ethernet
Dec 28 12:57:26 debian NetworkManager[389]: <info>  [1514433446.4027] update_connection_setting_from_if_block: name:enp8s0, type:802-3-ethernet, id:Ifupdown (enp8s0), uuid: 9bcd2e1d-3eef-1b9f-4453-06d6ba9ca8a1
Dec 28 12:57:26 debian NetworkManager[389]: <info>  [1514433446.4028] addresses count: 1
Dec 28 12:57:26 debian NetworkManager[389]: <info>  [1514433446.4028] adding enp8s0 to connections
Dec 28 12:57:26 debian NetworkManager[389]: <info>  [1514433446.4028] adding iface enp8s0 to eni_ifaces
Dec 28 12:57:26 debian NetworkManager[389]: <info>  [1514433446.4028] autoconnect
Dec 28 12:57:26 debian NetworkManager[389]: <info>  [1514433446.4028] autoconnect
Dec 28 12:57:26 debian NetworkManager[389]: <info>  [1514433446.4029] management mode: unmanaged
Dec 28 12:57:26 debian NetworkManager[389]: <info>  [1514433446.4032] devices added (path: /sys/devices/pci0000:00/0000:00:1c.0/0000:08:00.0/net/enp8s0, iface: enp8s0)
Dec 28 12:57:26 debian NetworkManager[389]: <info>  [1514433446.4033] locking wired connection setting
Dec 28 12:57:26 debian NetworkManager[389]: <info>  [1514433446.4033] devices added (path: /sys/devices/virtual/net/lo, iface: lo)
Dec 28 12:57:26 debian NetworkManager[389]: <info>  [1514433446.4033] device added (path: /sys/devices/virtual/net/lo, iface: lo): no ifupdown configuration found.
Dec 28 12:57:26 debian NetworkManager[389]: <info>  [1514433446.4033] end _init.
Dec 28 12:57:26 debian NetworkManager[389]: <info>  [1514433446.4034] settings: loaded plugin ifupdown: (C) 2008 Canonical Ltd.  To report bugs please use the NetworkManager mailing list. (/usr/lib/x86_64-linux-gnu/NetworkManager/libnm-settings-plugin-ifupdown.so)
Dec 28 12:57:26 debian NetworkManager[389]: <info>  [1514433446.4034] settings: loaded plugin keyfile: (c) 2007 - 2016 Red Hat, Inc.  To report bugs please use the NetworkManager mailing list.
Dec 28 12:57:26 debian NetworkManager[389]: <info>  [1514433446.4034] (-1947882304) ... get_connections.
Dec 28 12:57:26 debian NetworkManager[389]: <info>  [1514433446.4034] (-1947882304) ... get_connections (managed=false): return empty list.
Dec 28 12:57:26 debian NetworkManager[389]: <info>  [1514433446.4374] get unmanaged devices count: 1
Dec 28 12:57:26 debian dbus[379]: [system] Activating via systemd: service name='org.freedesktop.hostname1' unit='dbus-org.freedesktop.hostname1.service'
Dec 28 12:57:26 debian systemd[1]: Starting Hostname Service...
Dec 28 12:57:26 debian dhclient[533]: Internet Systems Consortium DHCP Client 4.3.5
Dec 28 12:57:26 debian ifup[463]: Internet Systems Consortium DHCP Client 4.3.5
Dec 28 12:57:26 debian ifup[463]: Copyright 2004-2016 Internet Systems Consortium.
Dec 28 12:57:26 debian ifup[463]: All rights reserved.
Dec 28 12:57:26 debian ifup[463]: For info, please visit https://www.isc.org/software/dhcp/
Dec 28 12:57:26 debian dhclient[533]: Copyright 2004-2016 Internet Systems Consortium.
Dec 28 12:57:26 debian dhclient[533]: All rights reserved.
Dec 28 12:57:26 debian dhclient[533]: For info, please visit https://www.isc.org/software/dhcp/
Dec 28 12:57:26 debian dhclient[533]:
Dec 28 12:57:26 debian sh[367]: enp8s0=enp8s0
Dec 28 12:57:26 debian dbus[379]: [system] Successfully activated service 'org.freedesktop.hostname1'
Dec 28 12:57:26 debian systemd[1]: Started Hostname Service.
Dec 28 12:57:26 debian NetworkManager[389]: <info>  [1514433446.8343] settings: hostname: using hostnamed
Dec 28 12:57:26 debian NetworkManager[389]: <info>  [1514433446.8344] settings: hostname changed from (none) to "debian"
Dec 28 12:57:26 debian nm-dispatcher: req:1 'hostname': new request (1 scripts)
Dec 28 12:57:26 debian nm-dispatcher: req:1 'hostname': start running ordered scripts...
Dec 28 12:57:26 debian NetworkManager[389]: <info>  [1514433446.9690] dhcp-init: Using DHCP client 'dhclient'
Dec 28 12:57:26 debian NetworkManager[389]: <info>  [1514433446.9690] manager: WiFi enabled by radio killswitch; enabled by state file
Dec 28 12:57:26 debian NetworkManager[389]: <info>  [1514433446.9691] manager: WWAN enabled by radio killswitch; enabled by state file
Dec 28 12:57:26 debian NetworkManager[389]: <info>  [1514433446.9691] manager: Networking is enabled by state file
Dec 28 12:57:26 debian NetworkManager[389]: <info>  [1514433446.9771] Loaded device plugin: NMBondDeviceFactory (internal)
Dec 28 12:57:26 debian NetworkManager[389]: <info>  [1514433446.9772] Loaded device plugin: NMBridgeDeviceFactory (internal)
Dec 28 12:57:26 debian NetworkManager[389]: <info>  [1514433446.9772] Loaded device plugin: NMEthernetDeviceFactory (internal)
Dec 28 12:57:26 debian NetworkManager[389]: <info>  [1514433446.9772] Loaded device plugin: NMInfinibandDeviceFactory (internal)
Dec 28 12:57:26 debian NetworkManager[389]: <info>  [1514433446.9773] Loaded device plugin: NMIPTunnelDeviceFactory (internal)
Dec 28 12:57:26 debian NetworkManager[389]: <info>  [1514433446.9773] Loaded device plugin: NMMacsecDeviceFactory (internal)
Dec 28 12:57:26 debian NetworkManager[389]: <info>  [1514433446.9773] Loaded device plugin: NMMacvlanDeviceFactory (internal)
Dec 28 12:57:26 debian NetworkManager[389]: <info>  [1514433446.9773] Loaded device plugin: NMTunDeviceFactory (internal)
Dec 28 12:57:26 debian NetworkManager[389]: <info>  [1514433446.9773] Loaded device plugin: NMVethDeviceFactory (internal)
Dec 28 12:57:26 debian NetworkManager[389]: <info>  [1514433446.9773] Loaded device plugin: NMVlanDeviceFactory (internal)
Dec 28 12:57:26 debian NetworkManager[389]: <info>  [1514433446.9774] Loaded device plugin: NMVxlanDeviceFactory (internal)
Dec 28 12:57:26 debian avahi-daemon[393]: Joining mDNS multicast group on interface enp8s0.IPv6 with address fe80::223:aeff:fe97:b9.
Dec 28 12:57:26 debian avahi-daemon[393]: New relevant interface enp8s0.IPv6 for mDNS.
Dec 28 12:57:26 debian avahi-daemon[393]: Registering new address record for fe80::223:aeff:fe97:b9 on enp8s0.*.
Dec 28 12:57:26 debian NetworkManager[389]: <info>  [1514433446.9910] Loaded device plugin: NMWifiFactory (/usr/lib/x86_64-linux-gnu/NetworkManager/libnm-device-plugin-wifi.so)
Dec 28 12:57:26 debian NetworkManager[389]: <info>  [1514433446.9961] Loaded device plugin: NMTeamFactory (/usr/lib/x86_64-linux-gnu/NetworkManager/libnm-device-plugin-team.so)
Dec 28 12:57:27 debian NetworkManager[389]: <info>  [1514433447.0031] Loaded device plugin: NMAtmManager (/usr/lib/x86_64-linux-gnu/NetworkManager/libnm-device-plugin-adsl.so)
Dec 28 12:57:27 debian ifup[463]: Cannot find device "eth0"
Dec 28 12:57:27 debian dhclient[533]: Failed to get interface index: No such device
Dec 28 12:57:27 debian dhclient[533]:
Dec 28 12:57:27 debian ifup[463]: Failed to get interface index: No such device
Dec 28 12:57:27 debian ifup[463]: If you think you have received this message due to a bug rather
Dec 28 12:57:27 debian ifup[463]: than a configuration issue please read the section on submitting
Dec 28 12:57:27 debian ifup[463]: bugs on either our web page at www.isc.org or in the README file
Dec 28 12:57:27 debian ifup[463]: before submitting a bug.  These pages explain the proper
Dec 28 12:57:27 debian ifup[463]: process and the information we find helpful for debugging..
Dec 28 12:57:27 debian ifup[463]: exiting.
Dec 28 12:57:27 debian dhclient[533]: If you think you have received this message due to a bug rather
Dec 28 12:57:27 debian dhclient[533]: than a configuration issue please read the section on submitting
Dec 28 12:57:27 debian dhclient[533]: bugs on either our web page at www.isc.org or in the README file
Dec 28 12:57:27 debian dhclient[533]: before submitting a bug.  These pages explain the proper
Dec 28 12:57:27 debian dhclient[533]: process and the information we find helpful for debugging..
Dec 28 12:57:27 debian dhclient[533]:
Dec 28 12:57:27 debian dhclient[533]: exiting.
Dec 28 12:57:27 debian ifup[463]: ifup: failed to bring up eth0
Dec 28 12:57:27 debian systemd[1]: networking.service: Main process exited, code=exited, status=1/FAILURE
Dec 28 12:57:27 debian systemd[1]: Failed to start Raise network interfaces.
Dec 28 12:57:27 debian systemd[1]: networking.service: Unit entered failed state.
Dec 28 12:57:27 debian systemd[1]: networking.service: Failed with result 'exit-code'.
Dec 28 12:57:27 debian systemd[1]: Reached target Network.
Dec 28 12:57:27 debian systemd[1]: Started Unattended Upgrades Shutdown.
Dec 28 12:57:27 debian NetworkManager[389]: <info>  [1514433447.1450] Loaded device plugin: NMBluezManager (/usr/lib/x86_64-linux-gnu/NetworkManager/libnm-device-plugin-bluetooth.so)
Dec 28 12:57:27 debian NetworkManager[389]: <info>  [1514433447.1466] Loaded device plugin: NMWwanFactory (/usr/lib/x86_64-linux-gnu/NetworkManager/libnm-device-plugin-wwan.so)
Dec 28 12:57:27 debian systemd[1]: Starting OpenBSD Secure Shell server...
Dec 28 12:57:27 debian systemd[1]: Starting Permit User Sessions...
Dec 28 12:57:27 debian systemd[1]: Started Permit User Sessions.
Dec 28 12:57:27 debian systemd[1]: Starting GNOME Display Manager...
Dec 28 12:57:27 debian NetworkManager[389]: <info>  [1514433447.5762] device (lo): link connected
Dec 28 12:57:27 debian NetworkManager[389]: <info>  [1514433447.5772] manager: (lo): new Generic device (/org/freedesktop/NetworkManager/Devices/1)
Dec 28 12:57:27 debian NetworkManager[389]: <info>  [1514433447.5781] device (enp8s0): link connected
Dec 28 12:57:27 debian NetworkManager[389]: <info>  [1514433447.5790] manager: (enp8s0): new Ethernet device (/org/freedesktop/NetworkManager/Devices/2)
Dec 28 12:57:27 debian NetworkManager[389]: <info>  [1514433447.5953] manager: startup complete
Dec 28 12:57:27 debian NetworkManager[389]: <info>  [1514433447.5954] manager: NetworkManager state is now CONNECTED_GLOBAL
Dec 28 12:57:27 debian nm-dispatcher: req:2 'connectivity-change': new request (1 scripts)
Dec 28 12:57:27 debian nm-dispatcher: req:2 'connectivity-change': start running ordered scripts...
Dec 28 12:57:27 debian NetworkManager[389]: <info>  [1514433447.6010] ModemManager available in the bus
Dec 28 12:57:27 debian systemd[1]: Started Network Manager Wait Online.
Dec 28 12:57:27 debian systemd[1]: Reached target Network is Online.
Dec 28 12:57:27 debian systemd[1]: Starting Samba NMB Daemon...
Dec 28 12:57:27 debian systemd[1]: Starting keep memory of all UPnP devices that announced themselves...
Dec 28 12:57:27 debian systemd[1]: Started GNOME Display Manager.
Dec 28 12:57:27 debian systemd[1]: minissdpd.service: Failed to read PID from file /var/run/minissdpd.pid: Invalid argument
Dec 28 12:57:27 debian systemd[1]: Started keep memory of all UPnP devices that announced themselves.
Dec 28 12:57:28 debian systemd[1]: Started OpenBSD Secure Shell server.
Dec 28 12:57:28 debian ModemManager[390]: <info>  Couldn't check support for device at '/sys/devices/pci0000:00/0000:00:1c.0/0000:08:00.0': not supported by any plugin
Dec 28 12:57:29 debian systemd[1]: Created slice User Slice of Debian-gdm.
Dec 28 12:57:29 debian systemd[1]: Starting User Manager for UID 117...
Dec 28 12:57:29 debian systemd[1]: Started Session c1 of user Debian-gdm.
Dec 28 12:57:30 debian systemd[624]: Reached target Timers.
Dec 28 12:57:30 debian systemd[624]: Starting D-Bus User Message Bus Socket.
Dec 28 12:57:30 debian systemd[624]: Listening on GnuPG cryptographic agent (access for web browsers).
Dec 28 12:57:30 debian systemd[624]: Listening on Sound System.
Dec 28 12:57:30 debian systemd[624]: Listening on GnuPG cryptographic agent (ssh-agent emulation).
Dec 28 12:57:30 debian systemd[624]: Listening on GnuPG cryptographic agent and passphrase cache.
Dec 28 12:57:30 debian systemd[624]: Reached target Paths.
Dec 28 12:57:30 debian systemd[624]: Listening on GnuPG cryptographic agent and passphrase cache (restricted).
Dec 28 12:57:30 debian systemd[624]: Listening on D-Bus User Message Bus Socket.
Dec 28 12:57:30 debian systemd[624]: Reached target Sockets.
Dec 28 12:57:30 debian systemd[624]: Reached target Basic System.
Dec 28 12:57:30 debian systemd[624]: Reached target Default.
Dec 28 12:57:30 debian systemd[624]: Startup finished in 323ms.
Dec 28 12:57:30 debian systemd[1]: Started User Manager for UID 117.
Dec 28 12:57:30 debian systemd[624]: Started D-Bus User Message Bus.
Dec 28 12:57:31 debian systemd[1]: nmbd.service: Supervising process 643 which is not our child. We'll most likely not notice when it exits.
Dec 28 12:57:31 debian systemd[1]: Started Samba NMB Daemon.
Dec 28 12:57:31 debian systemd[1]: Starting Samba SMB Daemon...
Dec 28 12:57:32 debian systemd[1]: smbd.service: Supervising process 649 which is not our child. We'll most likely not notice when it exits.
Dec 28 12:57:33 debian minissdpd[609]: 10 new devices added
